<html>
<body>
<pre>
<h1>礦ision Build Log</h1>
<h2>Tool Versions:</h2>
IDE-Version: μVision V5.34.0.0
Copyright (C) 2021 ARM Ltd and ARM Germany GmbH. All rights reserved.
License Information: li Windows, HP Inc., LIC=47GU5-GR57F-CX0U6-DKN4G-YDSAM-HKK9J
 
Tool Versions:
Toolchain:       MDK-ARM Plus  Version: 5.34.0.0
Toolchain Path:  E:\keil 5\ARM\ARMCC\Bin
C Compiler:      Armcc.exe V5.06 update 7 (build 960)
Assembler:       Armasm.exe V5.06 update 7 (build 960)
Linker/Locator:  ArmLink.exe V5.06 update 7 (build 960)
Library Manager: ArmAr.exe V5.06 update 7 (build 960)
Hex Converter:   FromElf.exe V5.06 update 7 (build 960)
CPU DLL:         SARMCM3.DLL V5.34.0.0
Dialog DLL:      DCM.DLL V1.17.3.0
Target DLL:      STLink\ST-LINKIII-KEIL_SWO.dll V3.0.8.0
Dialog DLL:      TCM.DLL V1.48.0.0
 
<h2>Project:</h2>
D:\freertos\freertos_as608 - 2.2-adding_lcd_2\Project\RVMDK（uv5）\Fire_FreeRTOS.uvprojx
Project File Date:  01/12/2023

<h2>Output:</h2>
*** Using Compiler 'V5.06 update 7 (build 960)', folder: 'E:\keil 5\ARM\ARMCC\Bin'
Rebuild target 'Fire_FreeRTOS'
assembling startup_stm32f10x_hd.s...
compiling core_cm3.c...
compiling system_stm32f10x.c...
compiling stm32f10x_bkp.c...
compiling misc.c...
compiling stm32f10x_can.c...
compiling stm32f10x_adc.c...
compiling stm32f10x_cec.c...
compiling stm32f10x_crc.c...
compiling stm32f10x_dac.c...
compiling stm32f10x_dbgmcu.c...
compiling stm32f10x_dma.c...
compiling stm32f10x_exti.c...
compiling stm32f10x_flash.c...
compiling stm32f10x_fsmc.c...
compiling stm32f10x_gpio.c...
compiling stm32f10x_iwdg.c...
compiling stm32f10x_i2c.c...
compiling stm32f10x_pwr.c...
compiling stm32f10x_rtc.c...
compiling stm32f10x_rcc.c...
compiling stm32f10x_sdio.c...
compiling stm32f10x_spi.c...
compiling stm32f10x_usart.c...
compiling stm32f10x_tim.c...
compiling stm32f10x_wwdg.c...
compiling main.c...
..\..\User\main.c(119): warning:  #128-D: loop is not reachable
    while(1);   /* 正常不会执行到这里 */    
..\..\User\main.c(244): warning:  #111-D: statement is unreachable
  	printf("choose的第二个循环结束\r\n");	//按理说不会到这
..\..\User\main.c(204): warning:  #550-D: variable "xReturn"  was set but never used
  	BaseType_t xReturn = pdTRUE;
..\..\User\main.c(290): warning:  #550-D: variable "xReturn"  was set but never used
  	BaseType_t xReturn = pdTRUE;
..\..\User\main.c(353): warning:  #550-D: variable "xReturn"  was set but never used
  	BaseType_t xReturn = pdTRUE;
..\..\User\main.c: 5 warnings, 0 errors
compiling bsp_led.c...
compiling stm32f10x_it.c...
compiling bsp_usart.c...
compiling bsp_key.c...
compiling as608_test.c...
..\..\User\as608\as608_test.c(133): warning:  #111-D: statement is unreachable
    return;		
..\..\User\as608\as608_test.c: 1 warning, 0 errors
compiling bsp_as608.c...
compiling rx_data_queue.c...
compiling delay.c...
compiling sys.c...
compiling RT_Delay.c...
compiling timer.c...
compiling System_Init.c...
compiling matrix_key.c...
..\..\User\matrix_key\matrix_key.c(438): warning:  #68-D: integer conversion resulted in a change of sign
  	u16 c = -1, t =0;
..\..\User\matrix_key\matrix_key.c: 1 warning, 0 errors
compiling ultrasonic.c...
compiling croutine.c...
compiling list.c...
compiling event_groups.c...
compiling lcd_st7735.c...
..\..\User\LCD_1.8_ST7735\lcd_st7735.c(570): warning:  #177-D: variable "x0"  was declared but never referenced
  	u16 x0=x;
..\..\User\LCD_1.8_ST7735\lcd_st7735.c(732): warning:  #550-D: variable "foffset"  was set but never used
  	u32 foffset; 
..\..\User\LCD_1.8_ST7735\lcd_st7735.c: 2 warnings, 0 errors
compiling queue.c...
compiling tasks.c...
compiling heap_4.c...
compiling timers.c...
compiling port.c...
linking...
Program Size: Code=29508 RO-data=14092 RW-data=244 ZI-data=22484  
FromELF: creating hex file...
"..\..\Output\Fire_FreeRTOS.axf" - 0 Error(s), 9 Warning(s).

<h2>Software Packages used:</h2>

Package Vendor: Keil
                http://www.keil.com/pack/Keil.STM32F1xx_DFP.2.4.0.pack
                Keil.STM32F1xx_DFP.2.4.0
                STMicroelectronics STM32F1 Series Device Support, Drivers and Examples

<h2>Collection of Component include folders:</h2>
  E:\keil 5_data_pack\Keil\STM32F1xx_DFP\2.4.0\Device\Include

<h2>Collection of Component Files used:</h2>
Build Time Elapsed:  00:00:08
</pre>
</body>
</html>
