Component: ARM Compiler 5.06 update 7 (build 960) Tool: armlink [4d3601]

==============================================================================

Section Cross References

    startup_stm32f10x_hd.o(RESET) refers to startup_stm32f10x_hd.o(STACK) for __initial_sp
    startup_stm32f10x_hd.o(RESET) refers to startup_stm32f10x_hd.o(.text) for Reset_Handler
    startup_stm32f10x_hd.o(RESET) refers to stm32f10x_it.o(.text) for NMI_Handler
    startup_stm32f10x_hd.o(RESET) refers to port.o(.emb_text) for SVC_Handler
    startup_stm32f10x_hd.o(RESET) refers to ultrasonic.o(.text) for TIM2_IRQHandler
    startup_stm32f10x_hd.o(RESET) refers to timer.o(.text) for TIM3_IRQHandler
    startup_stm32f10x_hd.o(.text) refers to system_stm32f10x.o(.text) for SystemInit
    startup_stm32f10x_hd.o(.text) refers to entry.o(.ARM.Collect$$$$00000000) for __main
    system_stm32f10x.o(.text) refers to system_stm32f10x.o(.data) for .data
    stm32f10x_adc.o(.text) refers to stm32f10x_rcc.o(.text) for RCC_APB2PeriphResetCmd
    stm32f10x_bkp.o(.text) refers to stm32f10x_rcc.o(.text) for RCC_BackupResetCmd
    stm32f10x_can.o(.text) refers to stm32f10x_rcc.o(.text) for RCC_APB1PeriphResetCmd
    stm32f10x_cec.o(.text) refers to stm32f10x_rcc.o(.text) for RCC_APB1PeriphResetCmd
    stm32f10x_dac.o(.text) refers to stm32f10x_rcc.o(.text) for RCC_APB1PeriphResetCmd
    stm32f10x_gpio.o(.text) refers to stm32f10x_rcc.o(.text) for RCC_APB2PeriphResetCmd
    stm32f10x_i2c.o(.text) refers to stm32f10x_rcc.o(.text) for RCC_APB1PeriphResetCmd
    stm32f10x_pwr.o(.text) refers to stm32f10x_rcc.o(.text) for RCC_APB1PeriphResetCmd
    stm32f10x_rcc.o(.text) refers to stm32f10x_rcc.o(.data) for .data
    stm32f10x_spi.o(.text) refers to stm32f10x_rcc.o(.text) for RCC_APB2PeriphResetCmd
    stm32f10x_tim.o(.text) refers to stm32f10x_rcc.o(.text) for RCC_APB1PeriphResetCmd
    stm32f10x_usart.o(.text) refers to stm32f10x_rcc.o(.text) for RCC_APB2PeriphResetCmd
    stm32f10x_wwdg.o(.text) refers to stm32f10x_rcc.o(.text) for RCC_APB1PeriphResetCmd
    main.o(.text) refers to printf5.o(i.__0printf$5) for __2printf
    main.o(.text) refers to matrix_key.o(.text) for Matrix_Key_Scan
    main.o(.text) refers to queue.o(.text) for xQueueGenericSend
    main.o(.text) refers to as608_test.o(.text) for Connect_Test
    main.o(.text) refers to rt_delay.o(.text) for Delay_ms
    main.o(.text) refers to lcd_st7735.o(.text) for LCD_Init
    main.o(.text) refers to ultrasonic.o(.text) for GetDistance
    main.o(.text) refers to tasks.o(.text) for vTaskDelay
    main.o(.text) refers to port.o(.text) for vPortEnterCritical
    main.o(.text) refers to misc.o(.text) for NVIC_PriorityGroupConfig
    main.o(.text) refers to bsp_led.o(.text) for LED_GPIO_Config
    main.o(.text) refers to bsp_usart.o(.text) for USART_Config
    main.o(.text) refers to system_init.o(.text) for System_Init_IO
    main.o(.text) refers to bsp_key.o(.text) for Key_GPIO_Config
    main.o(.text) refers to rx_data_queue.o(.text) for rx_queue_init
    main.o(.text) refers to bsp_as608.o(.text) for AS608_Config
    main.o(.text) refers to main.o(.data) for .data
    stm32f10x_it.o(.text) refers to tasks.o(.text) for xTaskGetSchedulerState
    stm32f10x_it.o(.text) refers to port.o(.text) for xPortSysTickHandler
    stm32f10x_it.o(.text) refers to stm32f10x_exti.o(.text) for EXTI_GetITStatus
    stm32f10x_it.o(.text) refers to stm32f10x_usart.o(.text) for USART_GetITStatus
    stm32f10x_it.o(.text) refers to rx_data_queue.o(.text) for cbWrite
    stm32f10x_it.o(.text) refers to rx_data_queue.o(.bss) for rx_queue
    bsp_led.o(.text) refers to stm32f10x_rcc.o(.text) for RCC_APB2PeriphClockCmd
    bsp_led.o(.text) refers to stm32f10x_gpio.o(.text) for GPIO_Init
    bsp_usart.o(.text) refers to stm32f10x_rcc.o(.text) for RCC_APB2PeriphClockCmd
    bsp_usart.o(.text) refers to stm32f10x_gpio.o(.text) for GPIO_Init
    bsp_usart.o(.text) refers to stm32f10x_usart.o(.text) for USART_Init
    bsp_usart.o(.text) refers to misc.o(.text) for NVIC_Init
    bsp_key.o(.text) refers to stm32f10x_rcc.o(.text) for RCC_APB2PeriphClockCmd
    bsp_key.o(.text) refers to stm32f10x_gpio.o(.text) for GPIO_Init
    as608_test.o(.text) refers to lcd_st7735.o(.text) for LCD_String
    as608_test.o(.text) refers to printf5.o(i.__0printf$5) for __2printf
    as608_test.o(.text) refers to bsp_as608.o(.text) for PS_Empty
    as608_test.o(.text) refers to as608_test.o(.conststring) for .conststring
    as608_test.o(.text) refers to delay.o(.text) for delay_ms
    as608_test.o(.text) refers to matrix_key.o(.text) for Matrix_Key_Scan
    as608_test.o(.text) refers to bsp_as608.o(.data) for AS608_Addr
    bsp_as608.o(.text) refers to stm32f10x_rcc.o(.text) for RCC_APB2PeriphClockCmd
    bsp_as608.o(.text) refers to misc.o(.text) for NVIC_Init
    bsp_as608.o(.text) refers to stm32f10x_gpio.o(.text) for GPIO_Init
    bsp_as608.o(.text) refers to stm32f10x_exti.o(.text) for EXTI_Init
[...]
    ..\..\FreeRTOS\src\timers.c              0x00000000   Number         0  timers.o ABSOLUTE
    ..\..\Libraries\CMSIS\core_cm3.c         0x00000000   Number         0  core_cm3.o ABSOLUTE
    ..\..\Libraries\CMSIS\startup\startup_stm32f10x_hd.s 0x00000000   Number         0  startup_stm32f10x_hd.o ABSOLUTE
    ..\..\Libraries\CMSIS\system_stm32f10x.c 0x00000000   Number         0  system_stm32f10x.o ABSOLUTE
    ..\..\Libraries\FWlib\src\misc.c         0x00000000   Number         0  misc.o ABSOLUTE
    ..\..\Libraries\FWlib\src\stm32f10x_adc.c 0x00000000   Number         0  stm32f10x_adc.o ABSOLUTE
    ..\..\Libraries\FWlib\src\stm32f10x_bkp.c 0x00000000   Number         0  stm32f10x_bkp.o ABSOLUTE
    ..\..\Libraries\FWlib\src\stm32f10x_can.c 0x00000000   Number         0  stm32f10x_can.o ABSOLUTE
    ..\..\Libraries\FWlib\src\stm32f10x_cec.c 0x00000000   Number         0  stm32f10x_cec.o ABSOLUTE
    ..\..\Libraries\FWlib\src\stm32f10x_crc.c 0x00000000   Number         0  stm32f10x_crc.o ABSOLUTE
    ..\..\Libraries\FWlib\src\stm32f10x_dac.c 0x00000000   Number         0  stm32f10x_dac.o ABSOLUTE
    ..\..\Libraries\FWlib\src\stm32f10x_dbgmcu.c 0x00000000   Number         0  stm32f10x_dbgmcu.o ABSOLUTE
    ..\..\Libraries\FWlib\src\stm32f10x_dma.c 0x00000000   Number         0  stm32f10x_dma.o ABSOLUTE
    ..\..\Libraries\FWlib\src\stm32f10x_exti.c 0x00000000   Number         0  stm32f10x_exti.o ABSOLUTE
    ..\..\Libraries\FWlib\src\stm32f10x_flash.c 0x00000000   Number         0  stm32f10x_flash.o ABSOLUTE
    ..\..\Libraries\FWlib\src\stm32f10x_fsmc.c 0x00000000   Number         0  stm32f10x_fsmc.o ABSOLUTE
    ..\..\Libraries\FWlib\src\stm32f10x_gpio.c 0x00000000   Number         0  stm32f10x_gpio.o ABSOLUTE
    ..\..\Libraries\FWlib\src\stm32f10x_i2c.c 0x00000000   Number         0  stm32f10x_i2c.o ABSOLUTE
    ..\..\Libraries\FWlib\src\stm32f10x_iwdg.c 0x00000000   Number         0  stm32f10x_iwdg.o ABSOLUTE
    ..\..\Libraries\FWlib\src\stm32f10x_pwr.c 0x00000000   Number         0  stm32f10x_pwr.o ABSOLUTE
    ..\..\Libraries\FWlib\src\stm32f10x_rcc.c 0x00000000   Number         0  stm32f10x_rcc.o ABSOLUTE
    ..\..\Libraries\FWlib\src\stm32f10x_rtc.c 0x00000000   Number         0  stm32f10x_rtc.o ABSOLUTE
    ..\..\Libraries\FWlib\src\stm32f10x_sdio.c 0x00000000   Number         0  stm32f10x_sdio.o ABSOLUTE
    ..\..\Libraries\FWlib\src\stm32f10x_spi.c 0x00000000   Number         0  stm32f10x_spi.o ABSOLUTE
    ..\..\Libraries\FWlib\src\stm32f10x_tim.c 0x00000000   Number         0  stm32f10x_tim.o ABSOLUTE
    ..\..\Libraries\FWlib\src\stm32f10x_usart.c 0x00000000   Number         0  stm32f10x_usart.o ABSOLUTE
    ..\..\Libraries\FWlib\src\stm32f10x_wwdg.c 0x00000000   Number         0  stm32f10x_wwdg.o ABSOLUTE
    ..\..\User\Key\bsp_key.c                 0x00000000   Number         0  bsp_key.o ABSOLUTE
    ..\..\User\LCD_1.8_ST7735\lcd_st7735.c   0x00000000   Number         0  lcd_st7735.o ABSOLUTE
    ..\..\User\Led\bsp_led.c                 0x00000000   Number         0  bsp_led.o ABSOLUTE
    ..\..\User\RT_Delay\RT_Delay.c           0x00000000   Number         0  rt_delay.o ABSOLUTE
    ..\..\User\SYS\sys.c                     0x00000000   Number         0  sys.o ABSOLUTE
    ..\..\User\as608\as608_test.c            0x00000000   Number         0  as608_test.o ABSOLUTE
    ..\..\User\as608\bsp_as608.c             0x00000000   Number         0  bsp_as608.o ABSOLUTE
    ..\..\User\delay\delay.c                 0x00000000   Number         0  delay.o ABSOLUTE
    ..\..\User\hc_sr04\System_Init\System_Init.c 0x00000000   Number         0  system_init.o ABSOLUTE
    ..\..\User\hc_sr04\ULTRASONIC\ultrasonic.c 0x00000000   Number         0  ultrasonic.o ABSOLUTE
    ..\..\User\hc_sr04\timer\timer.c         0x00000000   Number         0  timer.o ABSOLUTE
    ..\..\User\main.c                        0x00000000   Number         0  main.o ABSOLUTE
    ..\..\User\matrix_key\matrix_key.c       0x00000000   Number         0  matrix_key.o ABSOLUTE
    ..\..\User\stm32f10x_it.c                0x00000000   Number         0  stm32f10x_it.o ABSOLUTE
    ..\..\User\usart\bsp_usart.c             0x00000000   Number         0  bsp_usart.o ABSOLUTE
    ..\..\User\usart\rx_data_queue.c         0x00000000   Number         0  rx_data_queue.o ABSOLUTE
    ..\\..\\FreeRTOS\\port\\RVDS\\ARM_CM3\\port.c 0x00000000   Number         0  port.o ABSOLUTE
    ..\\..\\Libraries\\CMSIS\\core_cm3.c     0x00000000   Number         0  core_cm3.o ABSOLUTE
    ..\\..\\User\\SYS\\sys.c                 0x00000000   Number         0  sys.o ABSOLUTE
    cdrcmple.s                               0x00000000   Number         0  cdrcmple.o ABSOLUTE
    dc.s                                     0x00000000   Number         0  dc.o ABSOLUTE
    handlers.s                               0x00000000   Number         0  handlers.o ABSOLUTE
    init.s                                   0x00000000   Number         0  init.o ABSOLUTE
    RESET                                    0x08000000   Section      304  startup_stm32f10x_hd.o(RESET)
    .ARM.Collect$$$$00000000                 0x08000130   Section        0  entry.o(.ARM.Collect$$$$00000000)
    .ARM.Collect$$$$00000001                 0x08000130   Section        4  entry2.o(.ARM.Collect$$$$00000001)
    .ARM.Collect$$$$00000004                 0x08000134   Section        4  entry5.o(.ARM.Collect$$$$00000004)
    .ARM.Collect$$$$00000008                 0x08000138   Section        0  entry7b.o(.ARM.Collect$$$$00000008)
    .ARM.Collect$$$$0000000A                 0x08000138   Section        0  entry8b.o(.ARM.Collect$$$$0000000A)
    .ARM.Collect$$$$0000000B                 0x08000138   Section        8  entry9a.o(.ARM.Collect$$$$0000000B)
    .ARM.Collect$$$$0000000E                 0x08000140   Section        4  entry12b.o(.ARM.Collect$$$$0000000E)
    .ARM.Collect$$$$0000000F                 0x08000144   Section        0  entry10a.o(.ARM.Collect$$$$0000000F)
    .ARM.Collect$$$$00000011                 0x08000144   Section        0  entry11a.o(.ARM.Collect$$$$00000011)
    .ARM.Collect$$$$00002712                 0x08000144   Section        4  entry2.o(.ARM.Collect$$$$00002712)
    __lit__00000000                          0x08000144   Data           4  entry2.o(.ARM.Collect$$$$00002712)
    .emb_text                                0x08000148   Section      150  port.o(.emb_text)
    .text                                    0x080001e0   Section       36  startup_stm32f10x_hd.o(.text)
    .text                                    0x08000204   Section        0  system_stm32f10x.o(.text)
    SetSysClockTo72                          0x08000205   Thumb Code   160  system_stm32f10x.o(.text)
    .text                                    0x0800035c   Section        0  misc.o(.text)
    .text                                    0x0800040c   Section        0  stm32f10x_exti.o(.text)
    .text                                    0x080004f4   Section        0  stm32f10x_gpio.o(.text)
    .text                                    0x08000758   Section        0  stm32f10x_rcc.o(.text)
    .text                                    0x08000a10   Section        0  stm32f10x_spi.o(.text)
    .text                                    0x08000c84   Section        0  stm32f10x_tim.o(.text)
    TI2_Config                               0x08001017   Thumb Code   166  stm32f10x_tim.o(.text)
    TI1_Config                               0x080010cd   Thumb Code    88  stm32f10x_tim.o(.text)
    .text                                    0x08001774   Section        0  stm32f10x_usart.o(.text)
    .text                                    0x08001a9c   Section        0  main.o(.text)
    CHOOSE_Task                              0x08001a9d   Thumb Code    76  main.o(.text)
    AS608_Task                               0x08001ae9   Thumb Code    58  main.o(.text)
    KEY_Task                                 0x08001b23   Thumb Code   100  main.o(.text)
    LED_Task                                 0x08001b87   Thumb Code    60  main.o(.text)
    AppTaskCreate                            0x08001bc3   Thumb Code   196  main.o(.text)
    .text                                    0x08001e94   Section        0  stm32f10x_it.o(.text)
    .text                                    0x08001f5c   Section        0  bsp_led.o(.text)
    .text                                    0x08001fb0   Section        0  bsp_usart.o(.text)
    .text                                    0x08002130   Section        0  bsp_key.o(.text)
    .text                                    0x0800218c   Section        0  as608_test.o(.text)
    .text                                    0x08002bc4   Section        0  bsp_as608.o(.text)
    AS608_PackHead                           0x08002cc1   Thumb Code    54  bsp_as608.o(.text)
    AS608_SendData                           0x080030e3   Thumb Code    26  bsp_as608.o(.text)
    SendLength                               0x080030fd   Thumb Code    18  bsp_as608.o(.text)
    SendCheck                                0x0800310f   Thumb Code    18  bsp_as608.o(.text)
    .text                                    0x08003404   Section        0  rx_data_queue.o(.text)
    .text                                    0x08003590   Section        0  delay.o(.text)
    .text                                    0x0800359c   Section        0  rt_delay.o(.text)
    .text                                    0x080035a8   Section        0  matrix_key.o(.text)
    .text                                    0x08003c6c   Section        0  system_init.o(.text)
    .text                                    0x08003cd4   Section        0  timer.o(.text)
    .text                                    0x08003db4   Section        0  ultrasonic.o(.text)
    .text                                    0x08004078   Section        0  lcd_st7735.o(.text)
    .text                                    0x08004c78   Section        0  list.o(.text)
    .text                                    0x08004d00   Section        0  queue.o(.text)
    prvUnlockQueue                           0x08004dc5   Thumb Code   106  queue.o(.text)
    prvCopyDataToQueue                       0x08004e2f   Thumb Code    90  queue.o(.text)
    prvCopyDataFromQueue                     0x08005145   Thumb Code    38  queue.o(.text)
    prvIsQueueEmpty                          0x08005537   Thumb Code    26  queue.o(.text)
    .text                                    0x08005558   Section        0  tasks.o(.text)
    prvAddNewTaskToReadyList                 0x08005559   Thumb Code   190  tasks.o(.text)
    prvAddCurrentTaskToDelayedList           0x08005877   Thumb Code   102  tasks.o(.text)
    prvTaskIsTaskSuspended                   0x08005c23   Thumb Code    48  tasks.o(.text)
    prvIdleTask                              0x08005d45   Thumb Code    30  tasks.o(.text)
    prvInitialiseNewTask                     0x080063eb   Thumb Code   136  tasks.o(.text)
    prvResetNextTaskUnblockTime              0x08006473   Thumb Code    26  tasks.o(.text)
    prvDeleteTCB                             0x0800648d   Thumb Code    20  tasks.o(.text)
    prvCheckTasksWaitingTermination          0x080064a1   Thumb Code    76  tasks.o(.text)
    .text                                    0x08006528   Section        0  timers.o(.text)
    prvInsertTimerInActiveList               0x08006529   Thumb Code    52  timers.o(.text)
    prvProcessReceivedCommands               0x080065bd   Thumb Code   182  timers.o(.text)
    prvTimerTask                             0x08006673   Thumb Code    34  timers.o(.text)
    prvCheckForValidListAndQueue             0x08006695   Thumb Code    62  timers.o(.text)
    prvSampleTimeNow                         0x0800681b   Thumb Code    36  timers.o(.text)
    prvProcessTimerOrBlockTask               0x0800683f   Thumb Code    98  timers.o(.text)
    prvSwitchTimerLists                      0x080068a1   Thumb Code    98  timers.o(.text)
    prvProcessExpiredTimer                   0x08006903   Thumb Code   210  timers.o(.text)
    .text                                    0x080069d4   Section        0  heap_4.o(.text)
    prvInsertBlockIntoFreeList               0x080069d5   Thumb Code    72  heap_4.o(.text)
    prvHeapInit                              0x08006b65   Thumb Code    66  heap_4.o(.text)
    .text                                    0x08006be8   Section        0  port.o(.text)
    prvTaskExitError                         0x08006be9   Thumb Code    34  port.o(.text)
    .text                                    0x08006ddc   Section        0  memcpya.o(.text)
    .text                                    0x08006e00   Section        0  memseta.o(.text)
    .text                                    0x08006e24   Section        0  memcmp.o(.text)
    .text                                    0x08006e3e   Section        0  dmul.o(.text)
    .text                                    0x08006f22   Section        0  ffltui.o(.text)
    .text                                    0x08006f2c   Section        0  dfixui.o(.text)
    .text                                    0x08006f5e   Section        0  f2d.o(.text)
    .text                                    0x08006f84   Section        0  uldiv.o(.text)
    .text                                    0x08006fe6   Section        0  llushr.o(.text)
    .text                                    0x08007006   Section        0  fepilogue.o(.text)
    .text                                    0x08007006   Section        0  iusefp.o(.text)
    .text                                    0x08007074   Section        0  depilogue.o(.text)
    .text                                    0x08007130   Section       36  init.o(.text)
    .text                                    0x08007154   Section        0  llshl.o(.text)
    i.__0printf$5                            0x08007174   Section        0  printf5.o(i.__0printf$5)
    i.__scatterload_copy                     0x08007194   Section       14  handlers.o(i.__scatterload_copy)
    i.__scatterload_null                     0x080071a2   Section        2  handlers.o(i.__scatterload_null)
    i.__scatterload_zeroinit                 0x080071a4   Section       14  handlers.o(i.__scatterload_zeroinit)
    i._printf_core                           0x080071b4   Section        0  printf5.o(i._printf_core)
    _printf_core                             0x080071b5   Thumb Code   660  printf5.o(i._printf_core)
    .constdata                               0x08007474   Section    13534  lcd_st7735.o(.constdata)
    .conststring                             0x0800a954   Section      152  as608_test.o(.conststring)
    .conststring                             0x0800a9ec   Section       67  bsp_as608.o(.conststring)
    .data                                    0x20000000   Section       20  system_stm32f10x.o(.data)
    .data                                    0x20000014   Section       20  stm32f10x_rcc.o(.data)
    ADCPrescTable                            0x20000014   Data           4  stm32f10x_rcc.o(.data)
    APBAHBPrescTable                         0x20000018   Data          16  stm32f10x_rcc.o(.data)
    .data                                    0x20000028   Section       28  main.o(.data)
    AppTaskCreate_Handle                     0x20000028   Data           4  main.o(.data)
    LED_Task_Handle                          0x2000002c   Data           4  main.o(.data)
    KEY_Task_Handle                          0x20000030   Data           4  main.o(.data)
    AS608_Task_Handle                        0x20000034   Data           4  main.o(.data)
    CHOOSE_Task_Handle                       0x20000038   Data           4  main.o(.data)
    .data                                    0x20000044   Section        1  main.o(.data)
    .data                                    0x20000045   Section        6  main.o(.data)
    .data                                    0x2000004b   Section        6  main.o(.data)
    .data                                    0x20000054   Section        4  bsp_as608.o(.data)
    .data                                    0x20000058   Section        1  matrix_key.o(.data)
    key_up                                   0x20000058   Data           1  matrix_key.o(.data)
    .data                                    0x2000005c   Section        4  system_init.o(.data)
    .data                                    0x20000060   Section        4  system_init.o(.data)
    .data                                    0x20000064   Section        4  system_init.o(.data)
    .data                                    0x20000068   Section        8  timer.o(.data)
    count                                    0x20000068   Data           4  timer.o(.data)
    .data                                    0x20000070   Section        8  ultrasonic.o(.data)
    .data                                    0x20000078   Section        2  lcd_st7735.o(.data)
    retry                                    0x20000078   Data           2  lcd_st7735.o(.data)
    .data                                    0x2000007c   Section       60  tasks.o(.data)
    uxDeletedTasksWaitingCleanUp             0x20000080   Data           4  tasks.o(.data)
    uxCurrentNumberOfTasks                   0x20000084   Data           4  tasks.o(.data)
    xTickCount                               0x20000088   Data           4  tasks.o(.data)
    uxTopReadyPriority                       0x2000008c   Data           4  tasks.o(.data)
    xSchedulerRunning                        0x20000090   Data           4  tasks.o(.data)
    uxPendedTicks                            0x20000094   Data           4  tasks.o(.data)
    xYieldPending                            0x20000098   Data           4  tasks.o(.data)
    xNumOfOverflows                          0x2000009c   Data           4  tasks.o(.data)
    uxTaskNumber                             0x200000a0   Data           4  tasks.o(.data)
    xNextTaskUnblockTime                     0x200000a4   Data           4  tasks.o(.data)
    xIdleTaskHandle                          0x200000a8   Data           4  tasks.o(.data)
    uxSchedulerSuspended                     0x200000ac   Data           4  tasks.o(.data)
    pxDelayedTaskList                        0x200000b0   Data           4  tasks.o(.data)
    pxOverflowDelayedTaskList                0x200000b4   Data           4  tasks.o(.data)
    .data                                    0x200000b8   Section       20  timers.o(.data)
    xTimerQueue                              0x200000b8   Data           4  timers.o(.data)
    xTimerTaskHandle                         0x200000bc   Data           4  timers.o(.data)
    xLastTime                                0x200000c0   Data           4  timers.o(.data)
    pxCurrentTimerList                       0x200000c4   Data           4  timers.o(.data)
    pxOverflowTimerList                      0x200000c8   Data           4  timers.o(.data)
    .data                                    0x200000cc   Section       24  heap_4.o(.data)
    pxEnd                                    0x200000cc   Data           4  heap_4.o(.data)
    xFreeBytesRemaining                      0x200000d0   Data           4  heap_4.o(.data)
    xMinimumEverFreeBytesRemaining           0x200000d4   Data           4  heap_4.o(.data)
    xBlockAllocatedBit                       0x200000d8   Data           4  heap_4.o(.data)
    xStart                                   0x200000dc   Data           8  heap_4.o(.data)
    .data                                    0x200000e4   Section       12  port.o(.data)
    ucMaxSysCallPriority                     0x200000e4   Data           1  port.o(.data)
    uxCriticalNesting                        0x200000e8   Data           4  port.o(.data)
    ulMaxPRIGROUPValue                       0x200000ec   Data           4  port.o(.data)
    .data                                    0x200000f0   Section        4  stdout.o(.data)
    .bss                                     0x200000f4   Section      104  rx_data_queue.o(.bss)
    .bss                                     0x2000015c   Section       12  lcd_st7735.o(.bss)
    .bss                                     0x20000168   Section       80  queue.o(.bss)
    .bss                                     0x200001b8   Section      740  tasks.o(.bss)
    pxReadyTasksLists                        0x200001b8   Data         640  tasks.o(.bss)
    xDelayedTaskList1                        0x20000438   Data          20  tasks.o(.bss)
    xDelayedTaskList2                        0x2000044c   Data          20  tasks.o(.bss)
    xPendingReadyList                        0x20000460   Data          20  tasks.o(.bss)
    xTasksWaitingTermination                 0x20000474   Data          20  tasks.o(.bss)
    xSuspendedTaskList                       0x20000488   Data          20  tasks.o(.bss)
    .bss                                     0x2000049c   Section       40  timers.o(.bss)
    xActiveTimerList1                        0x2000049c   Data          20  timers.o(.bss)
    xActiveTimerList2                        0x200004b0   Data          20  timers.o(.bss)
    .bss                                     0x200004c4   Section    20480  heap_4.o(.bss)
    ucHeap                                   0x200004c4   Data       20480  heap_4.o(.bss)
    STACK                                    0x200054c8   Section     1024  startup_stm32f10x_hd.o(STACK)

    Global Symbols

    Symbol Name                              Value     Ov Type        Size  Object(Section)

    BuildAttributes$$THM_ISAv4$P$D$K$B$S$PE$A:L22UL41UL21$X:L11$S22US41US21$IEEE1$IW$USESV6$~STKCKD$USESV7$~SHL$OTIME$ROPI$EBA8$MICROLIB$REQ8$PRES8$EABIv2 0x00000000   Number         0  anon$$obj.o ABSOLUTE
    __ARM_use_no_argv                        0x00000000   Number         0  main.o ABSOLUTE
    _printf_a                                0x00000000   Number         0  stubs.o ABSOLUTE
    _printf_c                                0x00000000   Number         0  stubs.o ABSOLUTE
    _printf_charcount                        0x00000000   Number         0  stubs.o ABSOLUTE
    _printf_d                                0x00000000   Number         0  stubs.o ABSOLUTE
    _printf_e                                0x00000000   Number         0  stubs.o ABSOLUTE
    _printf_f                                0x00000000   Number         0  stubs.o ABSOLUTE
    _printf_flags                            0x00000000   Number         0  stubs.o ABSOLUTE
    _printf_fp_dec                           0x00000000   Number         0  stubs.o ABSOLUTE
    _printf_fp_hex                           0x00000000   Number         0  stubs.o ABSOLUTE
    _printf_g                                0x00000000   Number         0  stubs.o ABSOLUTE
    _printf_i                                0x00000000   Number         0  stubs.o ABSOLUTE
    _printf_int_dec                          0x00000000   Number         0  stubs.o ABSOLUTE
    _printf_l                                0x00000000   Number         0  stubs.o ABSOLUTE
    _printf_lc                               0x00000000   Number         0  stubs.o ABSOLUTE
    _printf_ll                               0x00000000   Number         0  stubs.o ABSOLUTE
    _printf_lld                              0x00000000   Number         0  stubs.o ABSOLUTE
    _printf_lli                              0x00000000   Number         0  stubs.o ABSOLUTE
    _printf_llo                              0x00000000   Number         0  stubs.o ABSOLUTE
    _printf_llu                              0x00000000   Number         0  stubs.o ABSOLUTE
    _printf_llx                              0x00000000   Number         0  stubs.o ABSOLUTE
    _printf_longlong_dec                     0x00000000   Number         0  stubs.o ABSOLUTE
    _printf_longlong_hex                     0x00000000   Number         0  stubs.o ABSOLUTE
    _printf_longlong_oct                     0x00000000   Number         0  stubs.o ABSOLUTE
    _printf_ls                               0x00000000   Number         0  stubs.o ABSOLUTE
    _printf_mbtowc                           0x00000000   Number         0  stubs.o ABSOLUTE
    _printf_n                                0x00000000   Number         0  stubs.o ABSOLUTE
    _printf_o                                0x00000000   Number         0  stubs.o ABSOLUTE
    _printf_p                                0x00000000   Number         0  stubs.o ABSOLUTE
    _printf_percent                          0x00000000   Number         0  stubs.o ABSOLUTE
    _printf_pre_padding                      0x00000000   Number         0  stubs.o ABSOLUTE
    _printf_return_value                     0x00000000   Number         0  stubs.o ABSOLUTE
    _printf_s                                0x00000000   Number         0  stubs.o ABSOLUTE
    _printf_sizespec                         0x00000000   Number         0  stubs.o ABSOLUTE
    _printf_str                              0x00000000   Number         0  stubs.o ABSOLUTE
    _printf_truncate_signed                  0x00000000   Number         0  stubs.o ABSOLUTE
    _printf_truncate_unsigned                0x00000000   Number         0  stubs.o ABSOLUTE
    _printf_u                                0x00000000   Number         0  stubs.o ABSOLUTE
    _printf_wc                               0x00000000   Number         0  stubs.o ABSOLUTE
    _printf_wctomb                           0x00000000   Number         0  stubs.o ABSOLUTE
    _printf_widthprec                        0x00000000   Number         0  stubs.o ABSOLUTE
    _printf_x                                0x00000000   Number         0  stubs.o ABSOLUTE
    __arm_fini_                               - Undefined Weak Reference
    __cpp_initialize__aeabi_                  - Undefined Weak Reference
    __cxa_finalize                            - Undefined Weak Reference
    __decompress                              - Undefined Weak Reference
    _clock_init                               - Undefined Weak Reference
    _microlib_exit                            - Undefined Weak Reference
    __Vectors_Size                           0x00000130   Number         0  startup_stm32f10x_hd.o ABSOLUTE
    __Vectors                                0x08000000   Data           4  startup_stm32f10x_hd.o(RESET)
    __Vectors_End                            0x08000130   Data           0  startup_stm32f10x_hd.o(RESET)
    __main                                   0x08000131   Thumb Code     0  entry.o(.ARM.Collect$$$$00000000)
    _main_stk                                0x08000131   Thumb Code     0  entry2.o(.ARM.Collect$$$$00000001)
    _main_scatterload                        0x08000135   Thumb Code     0  entry5.o(.ARM.Collect$$$$00000004)
    __main_after_scatterload                 0x08000139   Thumb Code     0  entry5.o(.ARM.Collect$$$$00000004)
    _main_clock                              0x08000139   Thumb Code     0  entry7b.o(.ARM.Collect$$$$00000008)
    _main_cpp_init                           0x08000139   Thumb Code     0  entry8b.o(.ARM.Collect$$$$0000000A)
    _main_init                               0x08000139   Thumb Code     0  entry9a.o(.ARM.Collect$$$$0000000B)
    __rt_lib_shutdown_fini                   0x08000141   Thumb Code     0  entry12b.o(.ARM.Collect$$$$0000000E)
    __rt_final_cpp                           0x08000145   Thumb Code     0  entry10a.o(.ARM.Collect$$$$0000000F)
    __rt_final_exit                          0x08000145   Thumb Code     0  entry11a.o(.ARM.Collect$$$$00000011)
    SVC_Handler                              0x08000149   Thumb Code    32  port.o(.emb_text)
    __asm___6_port_c_39a90d8d__prvStartFirstTask 0x0800016d   Thumb Code    28  port.o(.emb_text)
    PendSV_Handler                           0x0800018d   Thumb Code    72  port.o(.emb_text)
    vPortGetIPSR                             0x080001d9   Thumb Code     6  port.o(.emb_text)
    Reset_Handler                            0x080001e1   Thumb Code     8  startup_stm32f10x_hd.o(.text)
    ADC1_2_IRQHandler                        0x080001fb   Thumb Code     0  startup_stm32f10x_hd.o(.text)
    ADC3_IRQHandler                          0x080001fb   Thumb Code     0  startup_stm32f10x_hd.o(.text)
    CAN1_RX1_IRQHandler                      0x080001fb   Thumb Code     0  startup_stm32f10x_hd.o(.text)
    CAN1_SCE_IRQHandler                      0x080001fb   Thumb Code     0  startup_stm32f10x_hd.o(.text)
    DMA1_Channel1_IRQHandler                 0x080001fb   Thumb Code     0  startup_stm32f10x_hd.o(.text)
    DMA1_Channel2_IRQHandler                 0x080001fb   Thumb Code     0  startup_stm32f10x_hd.o(.text)
    DMA1_Channel3_IRQHandler                 0x080001fb   Thumb Code     0  startup_stm32f10x_hd.o(.text)
    DMA1_Channel4_IRQHandler                 0x080001fb   Thumb Code     0  startup_stm32f10x_hd.o(.text)
    DMA1_Channel5_IRQHandler                 0x080001fb   Thumb Code     0  startup_stm32f10x_hd.o(.text)
    DMA1_Channel6_IRQHandler                 0x080001fb   Thumb Code     0  startup_stm32f10x_hd.o(.text)
    DMA1_Channel7_IRQHandler                 0x080001fb   Thumb Code     0  startup_stm32f10x_hd.o(.text)
    DMA2_Channel1_IRQHandler                 0x080001fb   Thumb Code     0  startup_stm32f10x_hd.o(.text)
    DMA2_Channel2_IRQHandler                 0x080001fb   Thumb Code     0  startup_stm32f10x_hd.o(.text)
    DMA2_Channel3_IRQHandler                 0x080001fb   Thumb Code     0  startup_stm32f10x_hd.o(.text)
    DMA2_Channel4_5_IRQHandler               0x080001fb   Thumb Code     0  startup_stm32f10x_hd.o(.text)
    EXTI0_IRQHandler                         0x080001fb   Thumb Code     0  startup_stm32f10x_hd.o(.text)
    EXTI15_10_IRQHandler                     0x080001fb   Thumb Code     0  startup_stm32f10x_hd.o(.text)
    EXTI1_IRQHandler                         0x080001fb   Thumb Code     0  startup_stm32f10x_hd.o(.text)
    EXTI2_IRQHandler                         0x080001fb   Thumb Code     0  startup_stm32f10x_hd.o(.text)
    EXTI3_IRQHandler                         0x080001fb   Thumb Code     0  startup_stm32f10x_hd.o(.text)
    EXTI4_IRQHandler                         0x080001fb   Thumb Code     0  startup_stm32f10x_hd.o(.text)
    FLASH_IRQHandler                         0x080001fb   Thumb Code     0  startup_stm32f10x_hd.o(.text)
    FSMC_IRQHandler                          0x080001fb   Thumb Code     0  startup_stm32f10x_hd.o(.text)
    I2C1_ER_IRQHandler                       0x080001fb   Thumb Code     0  startup_stm32f10x_hd.o(.text)
    I2C1_EV_IRQHandler                       0x080001fb   Thumb Code     0  startup_stm32f10x_hd.o(.text)
    I2C2_ER_IRQHandler                       0x080001fb   Thumb Code     0  startup_stm32f10x_hd.o(.text)
    I2C2_EV_IRQHandler                       0x080001fb   Thumb Code     0  startup_stm32f10x_hd.o(.text)
    PVD_IRQHandler                           0x080001fb   Thumb Code     0  startup_stm32f10x_hd.o(.text)
    RCC_IRQHandler                           0x080001fb   Thumb Code     0  startup_stm32f10x_hd.o(.text)
    RTCAlarm_IRQHandler                      0x080001fb   Thumb Code     0  startup_stm32f10x_hd.o(.text)
    RTC_IRQHandler                           0x080001fb   Thumb Code     0  startup_stm32f10x_hd.o(.text)
    SDIO_IRQHandler                          0x080001fb   Thumb Code     0  startup_stm32f10x_hd.o(.text)
    SPI1_IRQHandler                          0x080001fb   Thumb Code     0  startup_stm32f10x_hd.o(.text)
    SPI2_IRQHandler                          0x080001fb   Thumb Code     0  startup_stm32f10x_hd.o(.text)
    SPI3_IRQHandler                          0x080001fb   Thumb Code     0  startup_stm32f10x_hd.o(.text)
    TAMPER_IRQHandler                        0x080001fb   Thumb Code     0  startup_stm32f10x_hd.o(.text)
    TIM1_BRK_IRQHandler                      0x080001fb   Thumb Code     0  startup_stm32f10x_hd.o(.text)
    TIM1_CC_IRQHandler                       0x080001fb   Thumb Code     0  startup_stm32f10x_hd.o(.text)
    TIM1_TRG_COM_IRQHandler                  0x080001fb   Thumb Code     0  startup_stm32f10x_hd.o(.text)
    TIM1_UP_IRQHandler                       0x080001fb   Thumb Code     0  startup_stm32f10x_hd.o(.text)
    TIM5_IRQHandler                          0x080001fb   Thumb Code     0  startup_stm32f10x_hd.o(.text)
    TIM6_IRQHandler                          0x080001fb   Thumb Code     0  startup_stm32f10x_hd.o(.text)
    TIM7_IRQHandler                          0x080001fb   Thumb Code     0  startup_stm32f10x_hd.o(.text)
    TIM8_BRK_IRQHandler                      0x080001fb   Thumb Code     0  startup_stm32f10x_hd.o(.text)
    TIM8_CC_IRQHandler                       0x080001fb   Thumb Code     0  startup_stm32f10x_hd.o(.text)
    TIM8_TRG_COM_IRQHandler                  0x080001fb   Thumb Code     0  startup_stm32f10x_hd.o(.text)
    TIM8_UP_IRQHandler                       0x080001fb   Thumb Code     0  startup_stm32f10x_hd.o(.text)
    UART4_IRQHandler                         0x080001fb   Thumb Code     0  startup_stm32f10x_hd.o(.text)
    UART5_IRQHandler                         0x080001fb   Thumb Code     0  startup_stm32f10x_hd.o(.text)
    USART2_IRQHandler                        0x080001fb   Thumb Code     0  startup_stm32f10x_hd.o(.text)
    USBWakeUp_IRQHandler                     0x080001fb   Thumb Code     0  startup_stm32f10x_hd.o(.text)
    USB_HP_CAN1_TX_IRQHandler                0x080001fb   Thumb Code     0  startup_stm32f10x_hd.o(.text)
    USB_LP_CAN1_RX0_IRQHandler               0x080001fb   Thumb Code     0  startup_stm32f10x_hd.o(.text)
    WWDG_IRQHandler                          0x080001fb   Thumb Code     0  startup_stm32f10x_hd.o(.text)
    SystemInit                               0x080002a5   Thumb Code    64  system_stm32f10x.o(.text)
    SystemCoreClockUpdate                    0x080002e5   Thumb Code    86  system_stm32f10x.o(.text)
    NVIC_PriorityGroupConfig                 0x0800035d   Thumb Code    10  misc.o(.text)
    NVIC_Init                                0x08000367   Thumb Code    94  misc.o(.text)
    NVIC_SetVectorTable                      0x080003c5   Thumb Code    14  misc.o(.text)
    NVIC_SystemLPConfig                      0x080003d3   Thumb Code    20  misc.o(.text)
    SysTick_CLKSourceConfig                  0x080003e7   Thumb Code    24  misc.o(.text)
    EXTI_DeInit                              0x0800040d   Thumb Code    28  stm32f10x_exti.o(.text)
    EXTI_Init                                0x08000429   Thumb Code   108  stm32f10x_exti.o(.text)
    EXTI_StructInit                          0x08000495   Thumb Code    14  stm32f10x_exti.o(.text)
    EXTI_GenerateSWInterrupt                 0x080004a3   Thumb Code    12  stm32f10x_exti.o(.text)
    EXTI_GetFlagStatus                       0x080004af   Thumb Code    18  stm32f10x_exti.o(.text)
    EXTI_ClearFlag                           0x080004c1   Thumb Code     8  stm32f10x_exti.o(.text)
    EXTI_GetITStatus                         0x080004c9   Thumb Code    28  stm32f10x_exti.o(.text)
    EXTI_ClearITPendingBit                   0x080004e5   Thumb Code     8  stm32f10x_exti.o(.text)
    GPIO_DeInit                              0x080004f5   Thumb Code   152  stm32f10x_gpio.o(.text)
    GPIO_AFIODeInit                          0x0800058d   Thumb Code    22  stm32f10x_gpio.o(.text)
    GPIO_Init                                0x080005a3   Thumb Code   156  stm32f10x_gpio.o(.text)
    GPIO_StructInit                          0x0800063f   Thumb Code    16  stm32f10x_gpio.o(.text)
    GPIO_ReadInputDataBit                    0x0800064f   Thumb Code    14  stm32f10x_gpio.o(.text)
    GPIO_ReadInputData                       0x0800065d   Thumb Code     6  stm32f10x_gpio.o(.text)
    GPIO_ReadOutputDataBit                   0x08000663   Thumb Code    14  stm32f10x_gpio.o(.text)
    GPIO_ReadOutputData                      0x08000671   Thumb Code     6  stm32f10x_gpio.o(.text)
    GPIO_SetBits                             0x08000677   Thumb Code     4  stm32f10x_gpio.o(.text)
    GPIO_ResetBits                           0x0800067b   Thumb Code     4  stm32f10x_gpio.o(.text)
    GPIO_WriteBit                            0x0800067f   Thumb Code    10  stm32f10x_gpio.o(.text)
    GPIO_Write                               0x08000689   Thumb Code     4  stm32f10x_gpio.o(.text)
    GPIO_PinLockConfig                       0x0800068d   Thumb Code    16  stm32f10x_gpio.o(.text)
    GPIO_EventOutputConfig                   0x0800069d   Thumb Code    22  stm32f10x_gpio.o(.text)
    GPIO_EventOutputCmd                      0x080006b3   Thumb Code     6  stm32f10x_gpio.o(.text)
    GPIO_PinRemapConfig                      0x080006b9   Thumb Code    82  stm32f10x_gpio.o(.text)
    GPIO_EXTILineConfig                      0x0800070b   Thumb Code    34  stm32f10x_gpio.o(.text)
    GPIO_ETH_MediaInterfaceConfig            0x0800072d   Thumb Code     8  stm32f10x_gpio.o(.text)
    RCC_DeInit                               0x08000759   Thumb Code    50  stm32f10x_rcc.o(.text)
    RCC_HSEConfig                            0x0800078b   Thumb Code    48  stm32f10x_rcc.o(.text)
    RCC_GetFlagStatus                        0x080007bb   Thumb Code    42  stm32f10x_rcc.o(.text)
    RCC_WaitForHSEStartUp                    0x080007e5   Thumb Code    44  stm32f10x_rcc.o(.text)
    RCC_AdjustHSICalibrationValue            0x08000811   Thumb Code    16  stm32f10x_rcc.o(.text)
    RCC_HSICmd                               0x08000821   Thumb Code     6  stm32f10x_rcc.o(.text)
    RCC_PLLConfig                            0x08000827   Thumb Code    16  stm32f10x_rcc.o(.text)
    RCC_PLLCmd                               0x08000837   Thumb Code     6  stm32f10x_rcc.o(.text)
    RCC_SYSCLKConfig                         0x0800083d   Thumb Code    14  stm32f10x_rcc.o(.text)
    RCC_GetSYSCLKSource                      0x0800084b   Thumb Code    10  stm32f10x_rcc.o(.text)
    RCC_HCLKConfig                           0x08000855   Thumb Code    14  stm32f10x_rcc.o(.text)
    RCC_PCLK1Config                          0x08000863   Thumb Code    14  stm32f10x_rcc.o(.text)
    RCC_PCLK2Config                          0x08000871   Thumb Code    16  stm32f10x_rcc.o(.text)
    RCC_ITConfig                             0x08000881   Thumb Code    18  stm32f10x_rcc.o(.text)
    RCC_USBCLKConfig                         0x08000893   Thumb Code     8  stm32f10x_rcc.o(.text)
    RCC_ADCCLKConfig                         0x0800089b   Thumb Code    14  stm32f10x_rcc.o(.text)
    RCC_LSEConfig                            0x080008a9   Thumb Code    28  stm32f10x_rcc.o(.text)
    RCC_LSICmd                               0x080008c5   Thumb Code     6  stm32f10x_rcc.o(.text)
    RCC_RTCCLKConfig                         0x080008cb   Thumb Code    10  stm32f10x_rcc.o(.text)
    RCC_RTCCLKCmd                            0x080008d5   Thumb Code     8  stm32f10x_rcc.o(.text)
    RCC_GetClocksFreq                        0x080008dd   Thumb Code   132  stm32f10x_rcc.o(.text)
    RCC_AHBPeriphClockCmd                    0x08000961   Thumb Code    18  stm32f10x_rcc.o(.text)
    RCC_APB2PeriphClockCmd                   0x08000973   Thumb Code    18  stm32f10x_rcc.o(.text)
    RCC_APB1PeriphClockCmd                   0x08000985   Thumb Code    18  stm32f10x_rcc.o(.text)
    RCC_APB2PeriphResetCmd                   0x08000997   Thumb Code    18  stm32f10x_rcc.o(.text)
    RCC_APB1PeriphResetCmd                   0x080009a9   Thumb Code    18  stm32f10x_rcc.o(.text)
    RCC_BackupResetCmd                       0x080009bb   Thumb Code     8  stm32f10x_rcc.o(.text)
    RCC_ClockSecuritySystemCmd               0x080009c3   Thumb Code     6  stm32f10x_rcc.o(.text)
    RCC_MCOConfig                            0x080009c9   Thumb Code     6  stm32f10x_rcc.o(.text)
    RCC_ClearFlag                            0x080009cf   Thumb Code    12  stm32f10x_rcc.o(.text)
    RCC_GetITStatus                          0x080009db   Thumb Code    16  stm32f10x_rcc.o(.text)
    RCC_ClearITPendingBit                    0x080009eb   Thumb Code     6  stm32f10x_rcc.o(.text)
    SPI_I2S_DeInit                           0x08000a11   Thumb Code    72  stm32f10x_spi.o(.text)
    SPI_Init                                 0x08000a59   Thumb Code    56  stm32f10x_spi.o(.text)
    I2S_Init                                 0x08000a91   Thumb Code   150  stm32f10x_spi.o(.text)
    SPI_StructInit                           0x08000b27   Thumb Code    24  stm32f10x_spi.o(.text)
    I2S_StructInit                           0x08000b3f   Thumb Code    18  stm32f10x_spi.o(.text)
    SPI_Cmd                                  0x08000b51   Thumb Code    20  stm32f10x_spi.o(.text)
    I2S_Cmd                                  0x08000b65   Thumb Code    20  stm32f10x_spi.o(.text)
    SPI_I2S_ITConfig                         0x08000b79   Thumb Code    24  stm32f10x_spi.o(.text)
    SPI_I2S_DMACmd                           0x08000b91   Thumb Code    16  stm32f10x_spi.o(.text)
    SPI_I2S_SendData                         0x08000ba1   Thumb Code     4  stm32f10x_spi.o(.text)
    SPI_I2S_ReceiveData                      0x08000ba5   Thumb Code     4  stm32f10x_spi.o(.text)
    SPI_NSSInternalSoftwareConfig            0x08000ba9   Thumb Code    24  stm32f10x_spi.o(.text)
    SPI_SSOutputCmd                          0x08000bc1   Thumb Code    20  stm32f10x_spi.o(.text)
    SPI_DataSizeConfig                       0x08000bd5   Thumb Code    16  stm32f10x_spi.o(.text)
    SPI_TransmitCRC                          0x08000be5   Thumb Code    10  stm32f10x_spi.o(.text)
    SPI_CalculateCRC                         0x08000bef   Thumb Code    20  stm32f10x_spi.o(.text)
    SPI_GetCRC                               0x08000c03   Thumb Code    12  stm32f10x_spi.o(.text)
    SPI_GetCRCPolynomial                     0x08000c0f   Thumb Code     4  stm32f10x_spi.o(.text)
    SPI_BiDirectionalLineConfig              0x08000c13   Thumb Code    22  stm32f10x_spi.o(.text)
    SPI_I2S_GetFlagStatus                    0x08000c29   Thumb Code    14  stm32f10x_spi.o(.text)
    SPI_I2S_ClearFlag                        0x08000c37   Thumb Code     6  stm32f10x_spi.o(.text)
    SPI_I2S_GetITStatus                      0x08000c3d   Thumb Code    44  stm32f10x_spi.o(.text)
    SPI_I2S_ClearITPendingBit                0x08000c69   Thumb Code    14  stm32f10x_spi.o(.text)
    TIM_DeInit                               0x08000c85   Thumb Code   304  stm32f10x_tim.o(.text)
    TIM_TimeBaseInit                         0x08000db5   Thumb Code   114  stm32f10x_tim.o(.text)
    TIM_OC1Init                              0x08000e27   Thumb Code   106  stm32f10x_tim.o(.text)
    TIM_OC2Init                              0x08000e91   Thumb Code   120  stm32f10x_tim.o(.text)
    TIM_OC3Init                              0x08000f09   Thumb Code   116  stm32f10x_tim.o(.text)
    TIM_OC4Init                              0x08000f7d   Thumb Code    90  stm32f10x_tim.o(.text)
    TIM_SetIC4Prescaler                      0x08000fd7   Thumb Code    24  stm32f10x_tim.o(.text)
    TIM_SetIC3Prescaler                      0x08000fef   Thumb Code    16  stm32f10x_tim.o(.text)
    TIM_SetIC2Prescaler                      0x08000fff   Thumb Code    24  stm32f10x_tim.o(.text)
    TIM_SetIC1Prescaler                      0x080010bd   Thumb Code    16  stm32f10x_tim.o(.text)
    TIM_ICInit                               0x08001125   Thumb Code   270  stm32f10x_tim.o(.text)
    TIM_PWMIConfig                           0x08001233   Thumb Code   104  stm32f10x_tim.o(.text)
    TIM_BDTRConfig                           0x0800129b   Thumb Code    34  stm32f10x_tim.o(.text)
    TIM_TimeBaseStructInit                   0x080012bd   Thumb Code    18  stm32f10x_tim.o(.text)
    TIM_OCStructInit                         0x080012cf   Thumb Code    20  stm32f10x_tim.o(.text)
    TIM_ICStructInit                         0x080012e3   Thumb Code    16  stm32f10x_tim.o(.text)
    TIM_BDTRStructInit                       0x080012f3   Thumb Code    18  stm32f10x_tim.o(.text)
    TIM_Cmd                                  0x08001305   Thumb Code    20  stm32f10x_tim.o(.text)
    TIM_CtrlPWMOutputs                       0x08001319   Thumb Code    22  stm32f10x_tim.o(.text)
    TIM_ITConfig                             0x0800132f   Thumb Code    16  stm32f10x_tim.o(.text)
    TIM_GenerateEvent                        0x0800133f   Thumb Code     4  stm32f10x_tim.o(.text)
    TIM_DMAConfig                            0x08001343   Thumb Code     8  stm32f10x_tim.o(.text)
    TIM_DMACmd                               0x0800134b   Thumb Code    16  stm32f10x_tim.o(.text)
    TIM_InternalClockConfig                  0x0800135b   Thumb Code    10  stm32f10x_tim.o(.text)
    TIM_SelectInputTrigger                   0x08001365   Thumb Code    12  stm32f10x_tim.o(.text)
    TIM_ITRxExternalClockConfig              0x08001371   Thumb Code    18  stm32f10x_tim.o(.text)
    TIM_TIxExternalClockConfig               0x08001383   Thumb Code    46  stm32f10x_tim.o(.text)
    TIM_ETRConfig                            0x080013b1   Thumb Code    24  stm32f10x_tim.o(.text)
    TIM_ETRClockMode1Config                  0x080013c9   Thumb Code    18  stm32f10x_tim.o(.text)
    TIM_ETRClockMode2Config                  0x080013db   Thumb Code    18  stm32f10x_tim.o(.text)
    TIM_PrescalerConfig                      0x080013ed   Thumb Code     6  stm32f10x_tim.o(.text)
    TIM_CounterModeConfig                    0x080013f3   Thumb Code    12  stm32f10x_tim.o(.text)
    TIM_EncoderInterfaceConfig               0x080013ff   Thumb Code    50  stm32f10x_tim.o(.text)
    TIM_ForcedOC1Config                      0x08001431   Thumb Code    12  stm32f10x_tim.o(.text)
    TIM_ForcedOC2Config                      0x0800143d   Thumb Code    20  stm32f10x_tim.o(.text)
    TIM_ForcedOC3Config                      0x08001451   Thumb Code    12  stm32f10x_tim.o(.text)
    TIM_ForcedOC4Config                      0x0800145d   Thumb Code    20  stm32f10x_tim.o(.text)
    TIM_ARRPreloadConfig                     0x08001471   Thumb Code    20  stm32f10x_tim.o(.text)
    TIM_SelectCOM                            0x08001485   Thumb Code    20  stm32f10x_tim.o(.text)
    TIM_SelectCCDMA                          0x08001499   Thumb Code    20  stm32f10x_tim.o(.text)
    TIM_CCPreloadControl                     0x080014ad   Thumb Code    20  stm32f10x_tim.o(.text)
    TIM_OC1PreloadConfig                     0x080014c1   Thumb Code    32  stm32f10x_tim.o(.text)
    TIM_OC2PreloadConfig                     0x080014e1   Thumb Code    20  stm32f10x_tim.o(.text)
    TIM_OC3PreloadConfig                     0x080014f5   Thumb Code    12  stm32f10x_tim.o(.text)
    TIM_OC4PreloadConfig                     0x08001501   Thumb Code    20  stm32f10x_tim.o(.text)
    TIM_OC1FastConfig                        0x08001515   Thumb Code    12  stm32f10x_tim.o(.text)
    TIM_OC2FastConfig                        0x08001521   Thumb Code    20  stm32f10x_tim.o(.text)
    TIM_OC3FastConfig                        0x08001535   Thumb Code    12  stm32f10x_tim.o(.text)
    TIM_OC4FastConfig                        0x08001541   Thumb Code    20  stm32f10x_tim.o(.text)
    TIM_ClearOC1Ref                          0x08001555   Thumb Code    12  stm32f10x_tim.o(.text)
    TIM_ClearOC2Ref                          0x08001561   Thumb Code    20  stm32f10x_tim.o(.text)
    TIM_ClearOC3Ref                          0x08001575   Thumb Code    12  stm32f10x_tim.o(.text)
    TIM_ClearOC4Ref                          0x08001581   Thumb Code    20  stm32f10x_tim.o(.text)
    TIM_OC1PolarityConfig                    0x08001595   Thumb Code    12  stm32f10x_tim.o(.text)
    TIM_OC1NPolarityConfig                   0x080015a1   Thumb Code    12  stm32f10x_tim.o(.text)
    TIM_OC2PolarityConfig                    0x080015ad   Thumb Code    20  stm32f10x_tim.o(.text)
    TIM_OC2NPolarityConfig                   0x080015c1   Thumb Code    20  stm32f10x_tim.o(.text)
    TIM_OC3PolarityConfig                    0x080015d5   Thumb Code    20  stm32f10x_tim.o(.text)
    TIM_OC3NPolarityConfig                   0x080015e9   Thumb Code    20  stm32f10x_tim.o(.text)
    TIM_OC4PolarityConfig                    0x080015fd   Thumb Code    20  stm32f10x_tim.o(.text)
    TIM_CCxCmd                               0x08001611   Thumb Code    22  stm32f10x_tim.o(.text)
    TIM_CCxNCmd                              0x08001627   Thumb Code    22  stm32f10x_tim.o(.text)
    TIM_SelectOCxM                           0x0800163d   Thumb Code    70  stm32f10x_tim.o(.text)
    TIM_UpdateDisableConfig                  0x08001683   Thumb Code    20  stm32f10x_tim.o(.text)
    TIM_UpdateRequestConfig                  0x08001697   Thumb Code    20  stm32f10x_tim.o(.text)
    TIM_SelectHallSensor                     0x080016ab   Thumb Code    20  stm32f10x_tim.o(.text)
    TIM_SelectOnePulseMode                   0x080016bf   Thumb Code    16  stm32f10x_tim.o(.text)
    TIM_SelectOutputTrigger                  0x080016cf   Thumb Code    16  stm32f10x_tim.o(.text)
    TIM_SelectSlaveMode                      0x080016df   Thumb Code    16  stm32f10x_tim.o(.text)
    TIM_SelectMasterSlaveMode                0x080016ef   Thumb Code    16  stm32f10x_tim.o(.text)
    TIM_SetCounter                           0x080016ff   Thumb Code     4  stm32f10x_tim.o(.text)
    TIM_SetAutoreload                        0x08001703   Thumb Code     4  stm32f10x_tim.o(.text)
    TIM_SetCompare1                          0x08001707   Thumb Code     4  stm32f10x_tim.o(.text)
    TIM_SetCompare2                          0x0800170b   Thumb Code     4  stm32f10x_tim.o(.text)
    TIM_SetCompare3                          0x0800170f   Thumb Code     4  stm32f10x_tim.o(.text)
    TIM_SetCompare4                          0x08001713   Thumb Code     6  stm32f10x_tim.o(.text)
    TIM_SetClockDivision                     0x08001719   Thumb Code    16  stm32f10x_tim.o(.text)
    TIM_GetCapture1                          0x08001729   Thumb Code     4  stm32f10x_tim.o(.text)
    TIM_GetCapture2                          0x0800172d   Thumb Code     4  stm32f10x_tim.o(.text)
    TIM_GetCapture3                          0x08001731   Thumb Code     4  stm32f10x_tim.o(.text)
    TIM_GetCapture4                          0x08001735   Thumb Code     6  stm32f10x_tim.o(.text)
    TIM_GetCounter                           0x0800173b   Thumb Code     4  stm32f10x_tim.o(.text)
    TIM_GetPrescaler                         0x0800173f   Thumb Code     4  stm32f10x_tim.o(.text)
    TIM_GetFlagStatus                        0x08001743   Thumb Code    14  stm32f10x_tim.o(.text)
    TIM_ClearFlag                            0x08001751   Thumb Code     6  stm32f10x_tim.o(.text)
    TIM_GetITStatus                          0x08001757   Thumb Code    24  stm32f10x_tim.o(.text)
    TIM_ClearITPendingBit                    0x0800176f   Thumb Code     6  stm32f10x_tim.o(.text)
    USART_DeInit                             0x08001775   Thumb Code    96  stm32f10x_usart.o(.text)
    USART_Init                               0x080017d5   Thumb Code   166  stm32f10x_usart.o(.text)
    USART_StructInit                         0x0800187b   Thumb Code    22  stm32f10x_usart.o(.text)
    USART_ClockInit                          0x08001891   Thumb Code    30  stm32f10x_usart.o(.text)
    USART_ClockStructInit                    0x080018af   Thumb Code    12  stm32f10x_usart.o(.text)
    USART_Cmd                                0x080018bb   Thumb Code    20  stm32f10x_usart.o(.text)
    USART_ITConfig                           0x080018cf   Thumb Code    48  stm32f10x_usart.o(.text)
    USART_DMACmd                             0x080018ff   Thumb Code    16  stm32f10x_usart.o(.text)
    USART_SetAddress                         0x0800190f   Thumb Code    16  stm32f10x_usart.o(.text)
    USART_WakeUpConfig                       0x0800191f   Thumb Code    16  stm32f10x_usart.o(.text)
    USART_ReceiverWakeUpCmd                  0x0800192f   Thumb Code    20  stm32f10x_usart.o(.text)
    USART_LINBreakDetectLengthConfig         0x08001943   Thumb Code    16  stm32f10x_usart.o(.text)
    USART_LINCmd                             0x08001953   Thumb Code    20  stm32f10x_usart.o(.text)
    USART_SendData                           0x08001967   Thumb Code     8  stm32f10x_usart.o(.text)
    USART_ReceiveData                        0x0800196f   Thumb Code     8  stm32f10x_usart.o(.text)
    USART_SendBreak                          0x08001977   Thumb Code    10  stm32f10x_usart.o(.text)
    USART_SetGuardTime                       0x08001981   Thumb Code    16  stm32f10x_usart.o(.text)
    USART_SetPrescaler                       0x08001991   Thumb Code    16  stm32f10x_usart.o(.text)
    USART_SmartCardCmd                       0x080019a1   Thumb Code    20  stm32f10x_usart.o(.text)
    USART_SmartCardNACKCmd                   0x080019b5   Thumb Code    20  stm32f10x_usart.o(.text)
    USART_HalfDuplexCmd                      0x080019c9   Thumb Code    20  stm32f10x_usart.o(.text)
    USART_OverSampling8Cmd                   0x080019dd   Thumb Code    20  stm32f10x_usart.o(.text)
    USART_OneBitMethodCmd                    0x080019f1   Thumb Code    20  stm32f10x_usart.o(.text)
    USART_IrDAConfig                         0x08001a05   Thumb Code    16  stm32f10x_usart.o(.text)
    USART_IrDACmd                            0x08001a15   Thumb Code    20  stm32f10x_usart.o(.text)
    USART_GetFlagStatus                      0x08001a29   Thumb Code    14  stm32f10x_usart.o(.text)
    USART_ClearFlag                          0x08001a37   Thumb Code     6  stm32f10x_usart.o(.text)
    USART_GetITStatus                        0x08001a3d   Thumb Code    62  stm32f10x_usart.o(.text)
    USART_ClearITPendingBit                  0x08001a7b   Thumb Code    12  stm32f10x_usart.o(.text)
    main                                     0x08001c87   Thumb Code    82  main.o(.text)
    NMI_Handler                              0x08001e95   Thumb Code     2  stm32f10x_it.o(.text)
    HardFault_Handler                        0x08001e97   Thumb Code     2  stm32f10x_it.o(.text)
    MemManage_Handler                        0x08001e99   Thumb Code     2  stm32f10x_it.o(.text)
    BusFault_Handler                         0x08001e9b   Thumb Code     2  stm32f10x_it.o(.text)
    UsageFault_Handler                       0x08001e9d   Thumb Code     2  stm32f10x_it.o(.text)
    DebugMon_Handler                         0x08001e9f   Thumb Code     2  stm32f10x_it.o(.text)
    SysTick_Handler                          0x08001ea1   Thumb Code    20  stm32f10x_it.o(.text)
    EXTI9_5_IRQHandler                       0x08001eb5   Thumb Code    28  stm32f10x_it.o(.text)
    USART3_IRQHandler                        0x08001ed1   Thumb Code    90  stm32f10x_it.o(.text)
    USART1_IRQHandler                        0x08001f2b   Thumb Code    38  stm32f10x_it.o(.text)
    LED_GPIO_Config                          0x08001f5d   Thumb Code    74  bsp_led.o(.text)
    USART_Config                             0x08001fb1   Thumb Code   162  bsp_usart.o(.text)
    Usart_SendByte                           0x08002053   Thumb Code    22  bsp_usart.o(.text)
    Usart_SendArray                          0x08002069   Thumb Code    46  bsp_usart.o(.text)
    Usart_SendString                         0x08002097   Thumb Code    38  bsp_usart.o(.text)
    Usart_SendHalfWord                       0x080020bd   Thumb Code    50  bsp_usart.o(.text)
    fputc                                    0x080020ef   Thumb Code    30  bsp_usart.o(.text)
    fgetc                                    0x0800210d   Thumb Code    26  bsp_usart.o(.text)
    Key_GPIO_Config                          0x08002131   Thumb Code    50  bsp_key.o(.text)
    Key_Scan                                 0x08002163   Thumb Code    34  bsp_key.o(.text)
    lcd_as608UIsomething                     0x0800218d   Thumb Code    74  as608_test.o(.text)
    Show_Message                             0x080021d7   Thumb Code    44  as608_test.o(.text)
    lcd_as608UInothing                       0x08002203   Thumb Code    74  as608_test.o(.text)
    Clean_FR                                 0x0800224d   Thumb Code    32  as608_test.o(.text)
    Del_FR                                   0x0800226d   Thumb Code    50  as608_test.o(.text)
    Compare_FR                               0x0800229f   Thumb Code    60  as608_test.o(.text)
    Add_FR                                   0x080022db   Thumb Code  1408  as608_test.o(.text)
    FR_Task                                  0x0800285b   Thumb Code   150  as608_test.o(.text)
    Connect_Test                             0x080028f1   Thumb Code    44  as608_test.o(.text)
    AS608_Config                             0x08002bc5   Thumb Code   252  bsp_as608.o(.text)
    ReturnFlag                               0x08002cf7   Thumb Code    34  bsp_as608.o(.text)
    PS_GetImage                              0x08002d19   Thumb Code    60  bsp_as608.o(.text)
    PS_GenChar                               0x08002d55   Thumb Code    60  bsp_as608.o(.text)
    PS_Connect                               0x08002d91   Thumb Code    88  bsp_as608.o(.text)
    PS_Match                                 0x08002de9   Thumb Code    52  bsp_as608.o(.text)
    PS_RegModel                              0x08002e1d   Thumb Code    52  bsp_as608.o(.text)
    GET_NUM                                  0x08002e51   Thumb Code    14  bsp_as608.o(.text)
    PS_StoreChar                             0x08002e5f   Thumb Code    82  bsp_as608.o(.text)
    PS_HighSpeedSearch                       0x08002eb1   Thumb Code   132  bsp_as608.o(.text)
    PS_DeletChar                             0x08002f35   Thumb Code    94  bsp_as608.o(.text)
    PS_Empty                                 0x08002f93   Thumb Code    52  bsp_as608.o(.text)
    ShowErrMessage                           0x08002fc7   Thumb Code   284  bsp_as608.o(.text)
    cbInit                                   0x08003405   Thumb Code    10  rx_data_queue.o(.text)
    cbIsFull                                 0x0800340f   Thumb Code    20  rx_data_queue.o(.text)
    cbIsEmpty                                0x08003423   Thumb Code    16  rx_data_queue.o(.text)
    cbIncr                                   0x08003433   Thumb Code    16  rx_data_queue.o(.text)
    cbWrite                                  0x08003443   Thumb Code    44  rx_data_queue.o(.text)
    cbWriteFinish                            0x0800346f   Thumb Code     6  rx_data_queue.o(.text)
    cbRead                                   0x08003475   Thumb Code    44  rx_data_queue.o(.text)
    cbReadFinish                             0x080034a1   Thumb Code    24  rx_data_queue.o(.text)
    camera_queue_free                        0x080034b9   Thumb Code    24  rx_data_queue.o(.text)
    rx_queue_init                            0x080034d1   Thumb Code    76  rx_data_queue.o(.text)
    push_data_to_queue                       0x0800351d   Thumb Code    58  rx_data_queue.o(.text)
    pull_data_from_queue                     0x08003557   Thumb Code    34  rx_data_queue.o(.text)
    delay_us                                 0x08003591   Thumb Code     8  delay.o(.text)
    delay_ms                                 0x08003599   Thumb Code     4  delay.o(.text)
    Delay_us                                 0x0800359d   Thumb Code     8  rt_delay.o(.text)
    Delay_ms                                 0x080035a5   Thumb Code     4  rt_delay.o(.text)
    Matrix_ssKey_Pin_Init                    0x080035a9   Thumb Code    64  matrix_key.o(.text)
    Matrix_Key_Scan                          0x080035e9   Thumb Code   464  matrix_key.o(.text)
    KEY_Init                                 0x080037b9   Thumb Code    54  matrix_key.o(.text)
    key_scan                                 0x080037ef   Thumb Code   612  matrix_key.o(.text)
    get_pwd                                  0x08003a53   Thumb Code    14  matrix_key.o(.text)
    verify                                   0x08003a61   Thumb Code   110  matrix_key.o(.text)
    change_pwd                               0x08003acf   Thumb Code   192  matrix_key.o(.text)
    System_Init_IO                           0x08003c6d   Thumb Code     4  system_init.o(.text)
    System_Init                              0x08003c71   Thumb Code    52  system_init.o(.text)
    TIM3_Int_Init                            0x08003cd5   Thumb Code    90  timer.o(.text)
    TIM3_IRQHandler                          0x08003d2f   Thumb Code   126  timer.o(.text)
    ultrasonic_Init                          0x08003db5   Thumb Code    68  ultrasonic.o(.text)
    TIME4_Init                               0x08003df9   Thumb Code    84  ultrasonic.o(.text)
    TIME2_Init                               0x08003e4d   Thumb Code    94  ultrasonic.o(.text)
    delay_usx                                0x08003eab   Thumb Code    32  ultrasonic.o(.text)
    Display                                  0x08003ecb   Thumb Code    70  ultrasonic.o(.text)
    calculer                                 0x08003f11   Thumb Code    46  ultrasonic.o(.text)
    GetDistance                              0x08003f3f   Thumb Code   180  ultrasonic.o(.text)
    TIM4_IRQHandler                          0x08003ff3   Thumb Code    38  ultrasonic.o(.text)
    TIM2_IRQHandler                          0x08004019   Thumb Code    38  ultrasonic.o(.text)
    gpioInit                                 0x08004079   Thumb Code   166  lcd_st7735.o(.text)
    spiInit                                  0x0800411f   Thumb Code    84  lcd_st7735.o(.text)
    spiSendByte                              0x08004173   Thumb Code    68  lcd_st7735.o(.text)
    sendShort                                0x080041b7   Thumb Code    36  lcd_st7735.o(.text)
    sendOrder                                0x080041db   Thumb Code    28  lcd_st7735.o(.text)
    sendByte                                 0x080041f7   Thumb Code    26  lcd_st7735.o(.text)
    setCursor                                0x08004211   Thumb Code    78  lcd_st7735.o(.text)
    LCD_Fill                                 0x0800425f   Thumb Code    66  lcd_st7735.o(.text)
    LCD_Init                                 0x080042a1   Thumb Code   604  lcd_st7735.o(.text)
    sendRegisterValue                        0x080044fd   Thumb Code    16  lcd_st7735.o(.text)
    LCD_Display                              0x0800450d   Thumb Code    16  lcd_st7735.o(.text)
    drawPoint                                0x0800451d   Thumb Code    20  lcd_st7735.o(.text)
    LCD_Line                                 0x08004531   Thumb Code   160  lcd_st7735.o(.text)
    LCD_Circle                               0x080045d1   Thumb Code   208  lcd_st7735.o(.text)
    LCD_Image                                0x080046a1   Thumb Code    90  lcd_st7735.o(.text)
    LCD_Chinese16x16ForFile                  0x080046fb   Thumb Code   144  lcd_st7735.o(.text)
    LCD_ShowChinese                          0x0800478b   Thumb Code    58  lcd_st7735.o(.text)
    LCD_Chinese16ForFile                     0x080047c5   Thumb Code   110  lcd_st7735.o(.text)
    LCD_Chinese32ForFile                     0x08004833   Thumb Code   110  lcd_st7735.o(.text)
    drawAscii                                0x080048a1   Thumb Code   232  lcd_st7735.o(.text)
    GetGBK                                   0x08004989   Thumb Code    54  lcd_st7735.o(.text)
    drawGBK                                  0x080049bf   Thumb Code   140  lcd_st7735.o(.text)
    LCD_String                               0x08004a4b   Thumb Code   132  lcd_st7735.o(.text)
    LCD_CHINSES_BYSJ                         0x08004acf   Thumb Code   120  lcd_st7735.o(.text)
    LCD_CHINSES_GetPassWord                  0x08004b47   Thumb Code   276  lcd_st7735.o(.text)
    vListInitialise                          0x08004c79   Thumb Code    22  list.o(.text)
    vListInitialiseItem                      0x08004c8f   Thumb Code     6  list.o(.text)
    vListInsertEnd                           0x08004c95   Thumb Code    24  list.o(.text)
    vListInsert                              0x08004cad   Thumb Code    48  list.o(.text)
    uxListRemove                             0x08004cdd   Thumb Code    36  list.o(.text)
    xQueueGenericReset                       0x08004d01   Thumb Code   128  queue.o(.text)
    xQueueGenericCreate                      0x08004d81   Thumb Code    68  queue.o(.text)
    xQueueGenericSend                        0x08004e89   Thumb Code   332  queue.o(.text)
    xQueueGenericSendFromISR                 0x08004fd5   Thumb Code   174  queue.o(.text)
    xQueueGiveFromISR                        0x08005083   Thumb Code   194  queue.o(.text)
    xQueueGenericReceive                     0x0800516b   Thumb Code   328  queue.o(.text)
    xQueueReceiveFromISR                     0x080052b3   Thumb Code   150  queue.o(.text)
    xQueuePeekFromISR                        0x08005349   Thumb Code   114  queue.o(.text)
    uxQueueMessagesWaiting                   0x080053bb   Thumb Code    36  queue.o(.text)
    uxQueueSpacesAvailable                   0x080053df   Thumb Code    40  queue.o(.text)
    uxQueueMessagesWaitingFromISR            0x08005407   Thumb Code    26  queue.o(.text)
    vQueueUnregisterQueue                    0x08005421   Thumb Code    36  queue.o(.text)
    vQueueDelete                             0x08005445   Thumb Code    38  queue.o(.text)
    xQueueIsQueueEmptyFromISR                0x0800546b   Thumb Code    34  queue.o(.text)
    xQueueIsQueueFullFromISR                 0x0800548d   Thumb Code    38  queue.o(.text)
    vQueueAddToRegistry                      0x080054b3   Thumb Code    32  queue.o(.text)
    pcQueueGetName                           0x080054d3   Thumb Code    34  queue.o(.text)
    vQueueWaitForMessageRestricted           0x080054f5   Thumb Code    66  queue.o(.text)
    xTaskCreate                              0x08005617   Thumb Code    86  tasks.o(.text)
    vTaskDelete                              0x0800566d   Thumb Code   154  tasks.o(.text)
    xTaskIncrementTick                       0x08005707   Thumb Code   186  tasks.o(.text)
    xTaskResumeAll                           0x080057c1   Thumb Code   182  tasks.o(.text)
    vTaskSuspendAll                          0x080058dd   Thumb Code    10  tasks.o(.text)
    vTaskDelayUntil                          0x080058e7   Thumb Code   188  tasks.o(.text)
    vTaskDelay                               0x080059a3   Thumb Code    66  tasks.o(.text)
    eTaskGetState                            0x080059e5   Thumb Code    94  tasks.o(.text)
    uxTaskPriorityGet                        0x08005a43   Thumb Code    24  tasks.o(.text)
    uxTaskPriorityGetFromISR                 0x08005a5b   Thumb Code    40  tasks.o(.text)
    vTaskPrioritySet                         0x08005a83   Thumb Code   176  tasks.o(.text)
    vTaskSwitchContext                       0x08005b33   Thumb Code    84  tasks.o(.text)
    vTaskSuspend                             0x08005b87   Thumb Code   156  tasks.o(.text)
    vTaskResume                              0x08005c53   Thumb Code   116  tasks.o(.text)
    xTaskResumeFromISR                       0x08005cc7   Thumb Code   126  tasks.o(.text)
    vTaskStartScheduler                      0x08005d63   Thumb Code   130  tasks.o(.text)
    vTaskEndScheduler                        0x08005de5   Thumb Code    24  tasks.o(.text)
    xTaskGetTickCount                        0x08005dfd   Thumb Code     6  tasks.o(.text)
    xTaskGetTickCountFromISR                 0x08005e03   Thumb Code    12  tasks.o(.text)
    uxTaskGetNumberOfTasks                   0x08005e0f   Thumb Code     6  tasks.o(.text)
    pcTaskGetName                            0x08005e15   Thumb Code    38  tasks.o(.text)
    vTaskPlaceOnEventList                    0x08005e3b   Thumb Code    46  tasks.o(.text)
    vTaskPlaceOnUnorderedEventList           0x08005e69   Thumb Code    78  tasks.o(.text)
    vTaskPlaceOnEventListRestricted          0x08005eb7   Thumb Code    54  tasks.o(.text)
    xTaskRemoveFromEventList                 0x08005eed   Thumb Code   104  tasks.o(.text)
    xTaskRemoveFromUnorderedEventList        0x08005f55   Thumb Code   116  tasks.o(.text)
    vTaskSetTimeOutState                     0x08005fc9   Thumb Code    34  tasks.o(.text)
    xTaskCheckForTimeOut                     0x08005feb   Thumb Code   102  tasks.o(.text)
    vTaskMissedYield                         0x08006051   Thumb Code     8  tasks.o(.text)
    xTaskGetSchedulerState                   0x08006059   Thumb Code    22  tasks.o(.text)
    uxTaskResetEventItemValue                0x0800606f   Thumb Code    20  tasks.o(.text)
    ulTaskNotifyTake                         0x08006083   Thumb Code    96  tasks.o(.text)
    xTaskNotifyWait                          0x080060e3   Thumb Code   128  tasks.o(.text)
    xTaskGenericNotify                       0x08006163   Thumb Code   208  tasks.o(.text)
    xTaskGenericNotifyFromISR                0x08006233   Thumb Code   228  tasks.o(.text)
    vTaskNotifyGiveFromISR                   0x08006317   Thumb Code   168  tasks.o(.text)
    xTaskNotifyStateClear                    0x080063bf   Thumb Code    44  tasks.o(.text)
    xTimerGenericCommand                     0x0800655d   Thumb Code    96  timers.o(.text)
    xTimerCreateTimerTask                    0x080066d3   Thumb Code    58  timers.o(.text)
    xTimerCreate                             0x0800670d   Thumb Code    74  timers.o(.text)
    xTimerGetTimerDaemonTaskHandle           0x08006757   Thumb Code    24  timers.o(.text)
    xTimerGetPeriod                          0x0800676f   Thumb Code    22  timers.o(.text)
    xTimerGetExpiryTime                      0x08006785   Thumb Code    22  timers.o(.text)
    pcTimerGetName                           0x0800679b   Thumb Code    22  timers.o(.text)
    xTimerIsTimerActive                      0x080067b1   Thumb Code    40  timers.o(.text)
    pvTimerGetTimerID                        0x080067d9   Thumb Code    32  timers.o(.text)
    vTimerSetTimerID                         0x080067f9   Thumb Code    34  timers.o(.text)
    pvPortMalloc                             0x08006a1d   Thumb Code   214  heap_4.o(.text)
    vPortFree                                0x08006af3   Thumb Code    96  heap_4.o(.text)
    xPortGetFreeHeapSize                     0x08006b53   Thumb Code     8  heap_4.o(.text)
    xPortGetMinimumEverFreeHeapSize          0x08006b5b   Thumb Code     8  heap_4.o(.text)
    vPortInitialiseBlocks                    0x08006b63   Thumb Code     2  heap_4.o(.text)
    pxPortInitialiseStack                    0x08006c0b   Thumb Code    32  port.o(.text)
    vPortSetupTimerInterrupt                 0x08006c2b   Thumb Code    26  port.o(.text)
    xPortStartScheduler                      0x08006c45   Thumb Code   108  port.o(.text)
    vPortEndScheduler                        0x08006cb1   Thumb Code    24  port.o(.text)
    vPortEnterCritical                       0x08006cc9   Thumb Code    52  port.o(.text)
    vPortExitCritical                        0x08006cfd   Thumb Code    34  port.o(.text)
    xPortSysTickHandler                      0x08006d1f   Thumb Code    40  port.o(.text)
    vPortValidateInterruptPriority           0x08006d47   Thumb Code    72  port.o(.text)
    __aeabi_memcpy                           0x08006ddd   Thumb Code    36  memcpya.o(.text)
    __aeabi_memcpy4                          0x08006ddd   Thumb Code     0  memcpya.o(.text)
    __aeabi_memcpy8                          0x08006ddd   Thumb Code     0  memcpya.o(.text)
    __aeabi_memset                           0x08006e01   Thumb Code    14  memseta.o(.text)
    __aeabi_memset4                          0x08006e01   Thumb Code     0  memseta.o(.text)
    __aeabi_memset8                          0x08006e01   Thumb Code     0  memseta.o(.text)
    __aeabi_memclr                           0x08006e0f   Thumb Code     4  memseta.o(.text)
    __aeabi_memclr4                          0x08006e0f   Thumb Code     0  memseta.o(.text)
    __aeabi_memclr8                          0x08006e0f   Thumb Code     0  memseta.o(.text)
    _memset$wrapper                          0x08006e13   Thumb Code    18  memseta.o(.text)
    memcmp                                   0x08006e25   Thumb Code    26  memcmp.o(.text)
    __aeabi_dmul                             0x08006e3f   Thumb Code   228  dmul.o(.text)
    __aeabi_ui2f                             0x08006f23   Thumb Code    10  ffltui.o(.text)
    __aeabi_d2uiz                            0x08006f2d   Thumb Code    50  dfixui.o(.text)
    __aeabi_f2d                              0x08006f5f   Thumb Code    38  f2d.o(.text)
    __aeabi_uldivmod                         0x08006f85   Thumb Code    98  uldiv.o(.text)
    __aeabi_llsr                             0x08006fe7   Thumb Code    32  llushr.o(.text)
    _ll_ushift_r                             0x08006fe7   Thumb Code     0  llushr.o(.text)
    __I$use$fp                               0x08007007   Thumb Code     0  iusefp.o(.text)
    _float_round                             0x08007007   Thumb Code    18  fepilogue.o(.text)
    _float_epilogue                          0x08007019   Thumb Code    92  fepilogue.o(.text)
    _double_round                            0x08007075   Thumb Code    30  depilogue.o(.text)
    _double_epilogue                         0x08007093   Thumb Code   156  depilogue.o(.text)
    __scatterload                            0x08007131   Thumb Code    28  init.o(.text)
    __scatterload_rt2                        0x08007131   Thumb Code     0  init.o(.text)
    __aeabi_llsl                             0x08007155   Thumb Code    30  llshl.o(.text)
    _ll_shift_l                              0x08007155   Thumb Code     0  llshl.o(.text)
    __0printf$5                              0x08007175   Thumb Code    22  printf5.o(i.__0printf$5)
    __1printf$5                              0x08007175   Thumb Code     0  printf5.o(i.__0printf$5)
    __2printf                                0x08007175   Thumb Code     0  printf5.o(i.__0printf$5)
    __scatterload_copy                       0x08007195   Thumb Code    14  handlers.o(i.__scatterload_copy)
    __scatterload_null                       0x080071a3   Thumb Code     2  handlers.o(i.__scatterload_null)
    __scatterload_zeroinit                   0x080071a5   Thumb Code    14  handlers.o(i.__scatterload_zeroinit)
    hanzi32                                  0x08007474   Data           2  lcd_st7735.o(.constdata)
    tfont16                                  0x08007476   Data         476  lcd_st7735.o(.constdata)
    hanzi16                                  0x08007652   Data         896  lcd_st7735.o(.constdata)
    asc2_1206                                0x080079d2   Data        1140  lcd_st7735.o(.constdata)
    asc2_1608                                0x08007e46   Data        1520  lcd_st7735.o(.constdata)
    asc2_2412                                0x08008436   Data        3420  lcd_st7735.o(.constdata)
    asc2_3216                                0x08009192   Data        6080  lcd_st7735.o(.constdata)
    Region$$Table$$Base                      0x0800aa30   Number         0  anon$$obj.o(Region$$Table)
    Region$$Table$$Limit                     0x0800aa50   Number         0  anon$$obj.o(Region$$Table)
    SystemCoreClock                          0x20000000   Data           4  system_stm32f10x.o(.data)
    AHBPrescTable                            0x20000004   Data          16  system_stm32f10x.o(.data)
    as608_Queue                              0x2000003c   Data           4  main.o(.data)
    key_Queue                                0x20000040   Data           4  main.o(.data)
    i                                        0x20000044   Data           1  main.o(.data)
    Passwd                                   0x20000045   Data           6  main.o(.data)
    Input_pwd                                0x2000004b   Data           6  main.o(.data)
    AS608_Addr                               0x20000054   Data           4  bsp_as608.o(.data)
    count                                    0x2000005c   Data           4  system_init.o(.data)
    Distance0                                0x20000060   Data           4  system_init.o(.data)
    Distance1                                0x20000064   Data           4  system_init.o(.data)
    SystemTime                               0x2000006c   Data           4  timer.o(.data)
    time                                     0x20000070   Data           4  ultrasonic.o(.data)
    delay_u                                  0x20000074   Data           4  ultrasonic.o(.data)
    pxCurrentTCB                             0x2000007c   Data           4  tasks.o(.data)
    __stdout                                 0x200000f0   Data           4  stdout.o(.data)
    node_data                                0x200000f4   Data          16  rx_data_queue.o(.bss)
    rx_queue                                 0x20000104   Data          28  rx_data_queue.o(.bss)
    node_buff                                0x20000120   Data          60  rx_data_queue.o(.bss)
    xLCD                                     0x2000015c   Data          12  lcd_st7735.o(.bss)
    xQueueRegistry                           0x20000168   Data          80  queue.o(.bss)
    __initial_sp                             0x200058c8   Data           0  startup_stm32f10x_hd.o(STACK)



==============================================================================

Memory Map of the image

  Image Entry point : 0x08000131

  Load Region LR_IROM1 (Base: 0x08000000, Size: 0x0000ab44, Max: 0x00040000, ABSOLUTE)

    Execution Region ER_IROM1 (Exec base: 0x08000000, Load base: 0x08000000, Size: 0x0000aa50, Max: 0x00040000, ABSOLUTE)

    Exec Addr    Load Addr    Size         Type   Attr      Idx    E Section Name        Object

    0x08000000   0x08000000   0x00000130   Data   RO            3    RESET               startup_stm32f10x_hd.o
    0x08000130   0x08000130   0x00000000   Code   RO          980  * .ARM.Collect$$$$00000000  mc_w.l(entry.o)
    0x08000130   0x08000130   0x00000004   Code   RO         1260    .ARM.Collect$$$$00000001  mc_w.l(entry2.o)
    0x08000134   0x08000134   0x00000004   Code   RO         1263    .ARM.Collect$$$$00000004  mc_w.l(entry5.o)
    0x08000138   0x08000138   0x00000000   Code   RO         1265    .ARM.Collect$$$$00000008  mc_w.l(entry7b.o)
    0x08000138   0x08000138   0x00000000   Code   RO         1267    .ARM.Collect$$$$0000000A  mc_w.l(entry8b.o)
    0x08000138   0x08000138   0x00000008   Code   RO         1268    .ARM.Collect$$$$0000000B  mc_w.l(entry9a.o)
    0x08000140   0x08000140   0x00000004   Code   RO         1275    .ARM.Collect$$$$0000000E  mc_w.l(entry12b.o)
    0x08000144   0x08000144   0x00000000   Code   RO         1270    .ARM.Collect$$$$0000000F  mc_w.l(entry10a.o)
    0x08000144   0x08000144   0x00000000   Code   RO         1272    .ARM.Collect$$$$00000011  mc_w.l(entry11a.o)
    0x08000144   0x08000144   0x00000004   Code   RO         1261    .ARM.Collect$$$$00002712  mc_w.l(entry2.o)
    0x08000148   0x08000148   0x00000096   Code   RO          949    .emb_text           port.o
    0x080001de   0x080001de   0x00000002   PAD
    0x080001e0   0x080001e0   0x00000024   Code   RO            4    .text               startup_stm32f10x_hd.o
    0x08000204   0x08000204   0x00000158   Code   RO           24    .text               system_stm32f10x.o
    0x0800035c   0x0800035c   0x000000b0   Code   RO          121    .text               misc.o
    0x0800040c   0x0800040c   0x000000e8   Code   RO          233    .text               stm32f10x_exti.o
    0x080004f4   0x080004f4   0x00000264   Code   RO          270    .text               stm32f10x_gpio.o
    0x08000758   0x08000758   0x000002b8   Code   RO          318    .text               stm32f10x_rcc.o
    0x08000a10   0x08000a10   0x00000274   Code   RO          357    .text               stm32f10x_spi.o
    0x08000c84   0x08000c84   0x00000af0   Code   RO          369    .text               stm32f10x_tim.o
    0x08001774   0x08001774   0x00000328   Code   RO          382    .text               stm32f10x_usart.o
    0x08001a9c   0x08001a9c   0x000003f8   Code   RO          406    .text               main.o
    0x08001e94   0x08001e94   0x000000c8   Code   RO          525    .text               stm32f10x_it.o
    0x08001f5c   0x08001f5c   0x00000054   Code   RO          547    .text               bsp_led.o
    0x08001fb0   0x08001fb0   0x00000180   Code   RO          562    .text               bsp_usart.o
    0x08002130   0x08002130   0x0000005c   Code   RO          579    .text               bsp_key.o
    0x0800218c   0x0800218c   0x00000a38   Code   RO          591    .text               as608_test.o
    0x08002bc4   0x08002bc4   0x00000840   Code   RO          620    .text               bsp_as608.o
    0x08003404   0x08003404   0x0000018c   Code   RO          640    .text               rx_data_queue.o
    0x08003590   0x08003590   0x0000000c   Code   RO          672    .text               delay.o
    0x0800359c   0x0800359c   0x0000000c   Code   RO          700    .text               rt_delay.o
    0x080035a8   0x080035a8   0x000006c4   Code   RO          715    .text               matrix_key.o
    0x08003c6c   0x08003c6c   0x00000068   Code   RO          729    .text               system_init.o
    0x08003cd4   0x08003cd4   0x000000e0   Code   RO          753    .text               timer.o
    0x08003db4   0x08003db4   0x000002c4   Code   RO          771    .text               ultrasonic.o
    0x08004078   0x08004078   0x00000c00   Code   RO          786    .text               lcd_st7735.o
    0x08004c78   0x08004c78   0x00000088   Code   RO          856    .text               list.o
    0x08004d00   0x08004d00   0x00000858   Code   RO          868    .text               queue.o
    0x08005558   0x08005558   0x00000fd0   Code   RO          887    .text               tasks.o
    0x08006528   0x08006528   0x000004ac   Code   RO          919    .text               timers.o
    0x080069d4   0x080069d4   0x00000214   Code   RO          934    .text               heap_4.o
    0x08006be8   0x08006be8   0x000001f4   Code   RO          950    .text               port.o
    0x08006ddc   0x08006ddc   0x00000024   Code   RO          983    .text               mc_w.l(memcpya.o)
    0x08006e00   0x08006e00   0x00000024   Code   RO          985    .text               mc_w.l(memseta.o)
    0x08006e24   0x08006e24   0x0000001a   Code   RO          987    .text               mc_w.l(memcmp.o)
    0x08006e3e   0x08006e3e   0x000000e4   Code   RO         1252    .text               mf_w.l(dmul.o)
    0x08006f22   0x08006f22   0x0000000a   Code   RO         1254    .text               mf_w.l(ffltui.o)
    0x08006f2c   0x08006f2c   0x00000032   Code   RO         1256    .text               mf_w.l(dfixui.o)
    0x08006f5e   0x08006f5e   0x00000026   Code   RO         1258    .text               mf_w.l(f2d.o)
    0x08006f84   0x08006f84   0x00000062   Code   RO         1279    .text               mc_w.l(uldiv.o)
    0x08006fe6   0x08006fe6   0x00000020   Code   RO         1281    .text               mc_w.l(llushr.o)
    0x08007006   0x08007006   0x00000000   Code   RO         1283    .text               mc_w.l(iusefp.o)
    0x08007006   0x08007006   0x0000006e   Code   RO         1284    .text               mf_w.l(fepilogue.o)
    0x08007074   0x08007074   0x000000ba   Code   RO         1286    .text               mf_w.l(depilogue.o)
    0x0800712e   0x0800712e   0x00000002   PAD
    0x08007130   0x08007130   0x00000024   Code   RO         1296    .text               mc_w.l(init.o)
    0x08007154   0x08007154   0x0000001e   Code   RO         1298    .text               mc_w.l(llshl.o)
    0x08007172   0x08007172   0x00000002   PAD
    0x08007174   0x08007174   0x00000020   Code   RO         1124    i.__0printf$5       mc_w.l(printf5.o)
    0x08007194   0x08007194   0x0000000e   Code   RO         1304    i.__scatterload_copy  mc_w.l(handlers.o)
    0x080071a2   0x080071a2   0x00000002   Code   RO         1305    i.__scatterload_null  mc_w.l(handlers.o)
    0x080071a4   0x080071a4   0x0000000e   Code   RO         1306    i.__scatterload_zeroinit  mc_w.l(handlers.o)
    0x080071b2   0x080071b2   0x00000002   PAD
    0x080071b4   0x080071b4   0x000002c0   Code   RO         1131    i._printf_core      mc_w.l(printf5.o)
    0x08007474   0x08007474   0x000034de   Data   RO          788    .constdata          lcd_st7735.o
    0x0800a952   0x0800a952   0x00000002   PAD
    0x0800a954   0x0800a954   0x00000098   Data   RO          592    .conststring        as608_test.o
    0x0800a9ec   0x0800a9ec   0x00000043   Data   RO          621    .conststring        bsp_as608.o
    0x0800aa2f   0x0800aa2f   0x00000001   PAD
    0x0800aa30   0x0800aa30   0x00000020   Data   RO         1302    Region$$Table       anon$$obj.o


    Execution Region RW_IRAM1 (Exec base: 0x20000000, Load base: 0x0800aa50, Size: 0x000058c8, Max: 0x0000c000, ABSOLUTE)

    Exec Addr    Load Addr    Size         Type   Attr      Idx    E Section Name        Object

    0x20000000   0x0800aa50   0x00000014   Data   RW           25    .data               system_stm32f10x.o
    0x20000014   0x0800aa64   0x00000014   Data   RW          319    .data               stm32f10x_rcc.o
    0x20000028   0x0800aa78   0x0000001c   Data   RW          407    .data               main.o
    0x20000044   0x0800aa94   0x00000001   Data   RW          408    .data               main.o
    0x20000045   0x0800aa95   0x00000006   Data   RW          409    .data               main.o
    0x2000004b   0x0800aa9b   0x00000006   Data   RW          411    .data               main.o
    0x20000051   0x0800aaa1   0x00000003   PAD
    0x20000054   0x0800aaa4   0x00000004   Data   RW          622    .data               bsp_as608.o
    0x20000058   0x0800aaa8   0x00000001   Data   RW          716    .data               matrix_key.o
    0x20000059   0x0800aaa9   0x00000003   PAD
    0x2000005c   0x0800aaac   0x00000004   Data   RW          730    .data               system_init.o
    0x20000060   0x0800aab0   0x00000004   Data   RW          731    .data               system_init.o
    0x20000064   0x0800aab4   0x00000004   Data   RW          732    .data               system_init.o
    0x20000068   0x0800aab8   0x00000008   Data   RW          754    .data               timer.o
    0x20000070   0x0800aac0   0x00000008   Data   RW          772    .data               ultrasonic.o
    0x20000078   0x0800aac8   0x00000002   Data   RW          789    .data               lcd_st7735.o
    0x2000007a   0x0800aaca   0x00000002   PAD
    0x2000007c   0x0800aacc   0x0000003c   Data   RW          889    .data               tasks.o
    0x200000b8   0x0800ab08   0x00000014   Data   RW          921    .data               timers.o
    0x200000cc   0x0800ab1c   0x00000018   Data   RW          936    .data               heap_4.o
    0x200000e4   0x0800ab34   0x0000000c   Data   RW          951    .data               port.o
    0x200000f0   0x0800ab40   0x00000004   Data   RW         1276    .data               mc_w.l(stdout.o)
    0x200000f4        -       0x00000068   Zero   RW          641    .bss                rx_data_queue.o
    0x2000015c        -       0x0000000c   Zero   RW          787    .bss                lcd_st7735.o
    0x20000168        -       0x00000050   Zero   RW          869    .bss                queue.o
    0x200001b8        -       0x000002e4   Zero   RW          888    .bss                tasks.o
    0x2000049c        -       0x00000028   Zero   RW          920    .bss                timers.o
    0x200004c4        -       0x00005000   Zero   RW          935    .bss                heap_4.o
    0x200054c4   0x0800ab44   0x00000004   PAD
    0x200054c8        -       0x00000400   Zero   RW            1    STACK               startup_stm32f10x_hd.o


==============================================================================

Image component sizes


      Code (inc. data)   RO Data    RW Data    ZI Data      Debug   Object Name

      2616       1654        152          0          0       2634   as608_test.o
      2112        922         67          4          0       6337   bsp_as608.o
        92          8          0          0          0       1107   bsp_key.o
        84         10          0          0          0        546   bsp_led.o
       384         10          0          0          0       3948   bsp_usart.o
         0          0          0          0          0       4500   core_cm3.o
        12          0          0          0          0        576   delay.o
         0          0          0          0          0       9412   event_groups.o
       532         66          0         24      20480       3456   heap_4.o
      3072         76      13534          2         12      12914   lcd_st7735.o
       136          0          0          0          0       1862   list.o
      1016        444          0         41          0      21766   main.o
      1732        248          0          1          0       3606   matrix_key.o
       176         14          0          0          0       1941   misc.o
       650         90          0         12          0       7757   port.o
      2136         56          0          0         80      12873   queue.o
        12          0          0          0          0        588   rt_delay.o
       396         24          0          0        104       5418   rx_data_queue.o
        36          8        304          0       1024        872   startup_stm32f10x_hd.o
       232          8          0          0          0       2451   stm32f10x_exti.o
       612         36          0          0          0       6069   stm32f10x_gpio.o
       200         12          0          0          0       1790   stm32f10x_it.o
       696         32          0         20          0       9064   stm32f10x_rcc.o
       628         14          0          0          0       7086   stm32f10x_spi.o
      2800         84          0          0          0      24006   stm32f10x_tim.o
       808         22          0          0          0       8936   stm32f10x_usart.o
       104         48          0         12          0       1517   system_init.o
       344         34          0         20          0     259563   system_stm32f10x.o
      4048        178          0         60        740      29250   tasks.o
       224          8          0          8          0       1605   timer.o
      1196        130          0         20         40       8115   timers.o
       708         58          0          8          0       2730   ultrasonic.o

    ----------------------------------------------------------------------
     27796       4294      14092        240      22484     464295   Object Totals
         0          0         32          0          0          0   (incl. Generated)
         2          0          3          8          4          0   (incl. Padding)

    ----------------------------------------------------------------------

      Code (inc. data)   RO Data    RW Data    ZI Data      Debug   Library Member Name

         0          0          0          0          0          0   entry.o
         0          0          0          0          0          0   entry10a.o
         0          0          0          0          0          0   entry11a.o
         4          0          0          0          0          0   entry12b.o
         8          4          0          0          0          0   entry2.o
         4          0          0          0          0          0   entry5.o
         0          0          0          0          0          0   entry7b.o
         0          0          0          0          0          0   entry8b.o
         8          4          0          0          0          0   entry9a.o
        30          0          0          0          0          0   handlers.o
        36          8          0          0          0         68   init.o
         0          0          0          0          0          0   iusefp.o
        30          0          0          0          0         68   llshl.o
        32          0          0          0          0         68   llushr.o
        26          0          0          0          0         80   memcmp.o
        36          0          0          0          0         68   memcpya.o
        36          0          0          0          0        108   memseta.o
       736         54          0          0          0        184   printf5.o
         0          0          0          4          0          0   stdout.o
        98          0          0          0          0         92   uldiv.o
       186          0          0          0          0        176   depilogue.o
        50          0          0          0          0         76   dfixui.o
       228          0          0          0          0         96   dmul.o
        38          0          0          0          0         68   f2d.o
       110          0          0          0          0        168   fepilogue.o
        10          0          0          0          0         68   ffltui.o

    ----------------------------------------------------------------------
      1712         70          0          4          0       1388   Library Totals
         6          0          0          0          0          0   (incl. Padding)

    ----------------------------------------------------------------------

      Code (inc. data)   RO Data    RW Data    ZI Data      Debug   Library Name

      1084         70          0          4          0        736   mc_w.l
       622          0          0          0          0        652   mf_w.l

    ----------------------------------------------------------------------
      1712         70          0          4          0       1388   Library Totals

    ----------------------------------------------------------------------

==============================================================================


      Code (inc. data)   RO Data    RW Data    ZI Data      Debug   

     29508       4364      14092        244      22484     461623   Grand Totals
     29508       4364      14092        244      22484     461623   ELF Image Totals
     29508       4364      14092        244          0          0   ROM Totals

==============================================================================

    Total RO  Size (Code + RO Data)                43600 (  42.58kB)
    Total RW  Size (RW Data + ZI Data)             22728 (  22.20kB)
    Total ROM Size (Code + RO Data + RW Data)      43844 (  42.82kB)

==============================================================================

